<html>
<body>
<pre>
<h1>µVision Build Log</h1>
<h2>Tool Versions:</h2>
IDE-Version: µVision V5.37.0.0
Copyright (C) 2022 ARM Ltd and ARM Germany GmbH. All rights reserved.
License Information: ccc fgef, dfgs, LIC=----
 
Tool Versions:
Toolchain:       MDK-Lite  Version: 5.37.0.0
Toolchain Path:  C:\Keil_v5\ARM\ARMCLANG\Bin
C Compiler:      ArmClang.exe V6.18
Assembler:       Armasm.exe V6.18
Linker/Locator:  ArmLink.exe V6.18
Library Manager: ArmAr.exe V6.18
Hex Converter:   FromElf.exe V6.18
CPU DLL:         SARMCM3.DLL V5.37.0.0
Dialog DLL:      DCM.DLL V1.17.5.0
Target DLL:      Segger\JL2CM3.dll V2.99.42.0
Dialog DLL:      TCM.DLL V1.56.1.0
 
<h2>Project:</h2>
C:\gd32_projects\blink\blink.uvprojx
Project File Date:  10/06/2022

<h2>Output:</h2>
*** Using Compiler 'V6.18', folder: 'C:\Keil_v5\ARM\ARMCLANG\Bin'
Rebuild target 'blink'
RTE/Device/GD32F330K8/gd32f3x0_cec.c(500): warning: ISO C requires a translation unit to contain at least one declaration [-Wempty-translation-unit]
#endif
      ^
1 warning generated.
compiling gd32f3x0_cec.c...
RTE/Device/GD32F330K8/gd32f3x0_dac.c(388): warning: ISO C requires a translation unit to contain at least one declaration [-Wempty-translation-unit]
#endif /* GD32F350 */
                     ^
1 warning generated.
compiling gd32f3x0_dac.c...
compiling main.c...
compiling gd32f3x0_cmp.c...
compiling gd32f3x0_dbg.c...
RTE/Device/GD32F330K8/gd32f3x0_exti.c(92): warning: default label in switch which covers all enumeration values [-Wcovered-switch-default]
    default:
    ^
RTE/Device/GD32F330K8/gd32f3x0_exti.c(111): warning: default label in switch which covers all enumeration values [-Wcovered-switch-default]
    default:
    ^
2 warnings generated.
compiling gd32f3x0_exti.c...
compiling gd32f3x0_crc.c...
compiling gd32f3x0_ctc.c...
RTE/Device/GD32F330K8/gd32f3x0_dma.c(38): warning: In file included from...
C:/Users/kofma/AppData/Local/Arm/Packs/GigaDevice/GD32F3x0_DFP/3.0.2/Device/Firmware/Peripherals/inc\gd32f3x0_dma.h(131): warning: padding struct 'dma_parameter_struct' with 3 bytes to align 'memory_addr' [-Wpadded]
    uint32_t memory_addr;                 /*!< memory base address */
             ^
C:/Users/kofma/AppData/Local/Arm/Packs/GigaDevice/GD32F3x0_DFP/3.0.2/Device/Firmware/Peripherals/inc\gd32f3x0_dma.h(135): warning: padding struct 'dma_parameter_struct' with 2 bytes to align 'number' [-Wpadded]
    uint32_t number;                      /*!< channel transfer number */
             ^
2 warnings generated.
compiling gd32f3x0_dma.c...
compiling gd32f3x0_fmc.c...
compiling gd32f3x0_adc.c...
compiling gd32f3x0_fwdgt.c...
compiling gd32f3x0_gpio.c...
compiling gd32f3x0_misc.c...
compiling gd32f3x0_pmu.c...
compiling gd32f3x0_i2c.c...
compiling gd32f3x0_spi.c...
compiling gd32f3x0_syscfg.c...
RTE/Device/GD32F330K8/gd32f3x0_rtc.c(38): warning: In file included from...
C:/Users/kofma/AppData/Local/Arm/Packs/GigaDevice/GD32F3x0_DFP/3.0.2/Device/Firmware/Peripherals/inc\gd32f3x0_rtc.h(220): warning: padding struct 'rtc_parameter_struct' with 1 byte to align 'rtc_factor_asyn' [-Wpadded]
    uint16_t rtc_factor_asyn;                                                          /*!< RTC asynchronous prescaler value: 0x0 - 0x7F */
             ^
C:/Users/kofma/AppData/Local/Arm/Packs/GigaDevice/GD32F3x0_DFP/3.0.2/Device/Firmware/Peripherals/inc\gd32f3x0_rtc.h(245): warning: padding struct 'rtc_timestamp_struct' with 2 bytes to align 'rtc_am_pm' [-Wpadded]
    uint32_t rtc_am_pm;                                                                /*!< RTC time-stamp AM/PM value */
             ^
C:/Users/kofma/AppData/Local/Arm/Packs/GigaDevice/GD32F3x0_DFP/3.0.2/Device/Firmware/Peripherals/inc\gd32f3x0_rtc.h(256): warning: padding struct 'rtc_tamper_struct' with 3 bytes to align 'rtc_tamper_precharge_time' [-Wpadded]
    uint32_t rtc_tamper_precharge_time;                                                /*!< RTC tamper precharge duration if precharge feature is enabled */
             ^
C:/Users/kofma/AppData/Local/Arm/Packs/GigaDevice/GD32F3x0_DFP/3.0.2/Device/Firmware/Peripherals/inc\gd32f3x0_rtc.h(249): warning: padding size of 'rtc_tamper_struct' with 3 bytes to alignment boundary [-Wpadded]
typedef struct {
        ^
4 warnings generated.
compiling gd32f3x0_rtc.c...
RTE/Device/GD32F330K8/gd32f3x0_rcu.c(407): warning: default label in switch which covers all enumeration values [-Wcovered-switch-default]
    default:
    ^
RTE/Device/GD32F330K8/gd32f3x0_rcu.c(835): warning: default label in switch which covers all enumeration values [-Wcovered-switch-default]
    default:
    ^
RTE/Device/GD32F330K8/gd32f3x0_rcu.c(911): warning: default label in switch which covers all enumeration values [-Wcovered-switch-default]
    default:
    ^
RTE/Device/GD32F330K8/gd32f3x0_rcu.c(947): warning: default label in switch which covers all enumeration values [-Wcovered-switch-default]
    default:
    ^
RTE/Device/GD32F330K8/gd32f3x0_rcu.c(1209): warning: default label in switch which covers all enumeration values [-Wcovered-switch-default]
    default:
    ^
5 warnings generated.
compiling gd32f3x0_rcu.c...
compiling gd32f3x0_tsi.c...
compiling gd32f3x0_wwdgt.c...
RTE/Device/GD32F330K8/gd32f3x0_usart.c(291): warning: default label in switch which covers all enumeration values [-Wcovered-switch-default]
    default:
    ^
1 warning generated.
compiling gd32f3x0_usart.c...
assembling startup_gd32f3x0.s...
compiling system_gd32f3x0.c...
RTE/Device/GD32F330K8/gd32f3x0_timer.c(39): warning: In file included from...
C:/Users/kofma/AppData/Local/Arm/Packs/GigaDevice/GD32F3x0_DFP/3.0.2/Device/Firmware/Peripherals/inc\gd32f3x0_timer.h(264): warning: padding size of 'timer_parameter_struct' with 3 bytes to alignment boundary [-Wpadded]
typedef struct {                                                                    
        ^
C:/Users/kofma/AppData/Local/Arm/Packs/GigaDevice/GD32F3x0_DFP/3.0.2/Device/Firmware/Peripherals/inc\gd32f3x0_timer.h(285): warning: padding size of 'timer_oc_parameter_struct' with 2 bytes to alignment boundary [-Wpadded]
typedef struct {                                                                    
        ^
2 warnings generated.
compiling gd32f3x0_timer.c...
linking...
Program Size: Code=1936 RO-data=352 RW-data=0 ZI-data=2144  
".\Objects\blink.axf" - 0 Error(s), 18 Warning(s).

<h2>Software Packages used:</h2>

Package Vendor: ARM
                http://www.keil.com/pack/ARM.CMSIS.5.9.0.pack
                ARM.CMSIS.5.9.0
                CMSIS (Common Microcontroller Software Interface Standard)
   * Component: CORE Version: 5.6.0

Package Vendor: GigaDevice
                https://gd32mcu.com/data/documents/pack/GigaDevice.GD32F3x0_DFP.3.0.2.pack
                GigaDevice.GD32F3x0_DFP.3.0.2
                GigaDevice GD32F3x0 Series Device Support and Examples
   * Component: ADC Version: 2.2.0
   * Component: CEC Version: 2.2.0
   * Component: CMP Version: 2.2.0
   * Component: CRC Version: 2.2.0
   * Component: CTC Version: 2.2.0
   * Component: DAC Version: 2.2.0
   * Component: DBG Version: 2.2.0
   * Component: DMA Version: 2.2.0
   * Component: EXTI Version: 2.2.0
   * Component: FMC Version: 2.2.0
   * Component: FWDGT Version: 2.2.0
   * Component: GPIO Version: 2.2.0
   * Component: I2C Version: 2.2.0
   * Component: MISC Version: 2.2.0
   * Component: PMU Version: 2.2.0
   * Component: RCU Version: 2.2.0
   * Component: RTC Version: 2.2.0
   * Component: SPI_I2S Version: 2.2.0
   * Component: SYSCFG Version: 2.2.0
   * Component: TIMER Version: 2.2.0
   * Component: TSI Version: 2.2.0
   * Component: USART Version: 2.2.0
   * Component: WWDGT Version: 2.2.0
   * Component: GD32F3x0_libopt Version: 2.2.0
   * Component: Startup Version: 2.2.0

<h2>Collection of Component include folders:</h2>
  ./RTE/_blink
  C:/Users/kofma/AppData/Local/Arm/Packs/ARM/CMSIS/5.9.0/CMSIS/Core/Include
  C:/Users/kofma/AppData/Local/Arm/Packs/GigaDevice/GD32F3x0_DFP/3.0.2/Device/Firmware/Peripherals/inc
  C:/Users/kofma/AppData/Local/Arm/Packs/GigaDevice/GD32F3x0_DFP/3.0.2/Device/Include

<h2>Collection of Component Files used:</h2>

   * Component: ARM::CMSIS:CORE:5.6.0

   * Component: GigaDevice::Device:GD32F3x0_StdPeripherals:ADC:2.2.0
      Source file:   Device/Firmware/Peripherals/src/gd32f3x0_adc.c
      Include file:  Device/Firmware/Peripherals/inc/gd32f3x0_adc.h

   * Component: GigaDevice::Device:GD32F3x0_StdPeripherals:CEC:2.2.0
      Include file:  Device/Firmware/Peripherals/inc/gd32f3x0_cec.h
      Source file:   Device/Firmware/Peripherals/src/gd32f3x0_cec.c

   * Component: GigaDevice::Device:GD32F3x0_StdPeripherals:CMP:2.2.0
      Include file:  Device/Firmware/Peripherals/inc/gd32f3x0_cmp.h
      Source file:   Device/Firmware/Peripherals/src/gd32f3x0_cmp.c

   * Component: GigaDevice::Device:GD32F3x0_StdPeripherals:CRC:2.2.0
      Include file:  Device/Firmware/Peripherals/inc/gd32f3x0_crc.h
      Source file:   Device/Firmware/Peripherals/src/gd32f3x0_crc.c

   * Component: GigaDevice::Device:GD32F3x0_StdPeripherals:CTC:2.2.0
      Include file:  Device/Firmware/Peripherals/inc/gd32f3x0_ctc.h
      Source file:   Device/Firmware/Peripherals/src/gd32f3x0_ctc.c

   * Component: GigaDevice::Device:GD32F3x0_StdPeripherals:DAC:2.2.0
      Source file:   Device/Firmware/Peripherals/src/gd32f3x0_dac.c
      Include file:  Device/Firmware/Peripherals/inc/gd32f3x0_dac.h

   * Component: GigaDevice::Device:GD32F3x0_StdPeripherals:DBG:2.2.0
      Source file:   Device/Firmware/Peripherals/src/gd32f3x0_dbg.c
      Include file:  Device/Firmware/Peripherals/inc/gd32f3x0_dbg.h

   * Component: GigaDevice::Device:GD32F3x0_StdPeripherals:DMA:2.2.0
      Source file:   Device/Firmware/Peripherals/src/gd32f3x0_dma.c
      Include file:  Device/Firmware/Peripherals/inc/gd32f3x0_dma.h

   * Component: GigaDevice::Device:GD32F3x0_StdPeripherals:EXTI:2.2.0
      Source file:   Device/Firmware/Peripherals/src/gd32f3x0_exti.c
      Include file:  Device/Firmware/Peripherals/inc/gd32f3x0_exti.h

   * Component: GigaDevice::Device:GD32F3x0_StdPeripherals:FMC:2.2.0
      Source file:   Device/Firmware/Peripherals/src/gd32f3x0_fmc.c
      Include file:  Device/Firmware/Peripherals/inc/gd32f3x0_fmc.h

   * Component: GigaDevice::Device:GD32F3x0_StdPeripherals:FWDGT:2.2.0
      Include file:  Device/Firmware/Peripherals/inc/gd32f3x0_fwdgt.h
      Source file:   Device/Firmware/Peripherals/src/gd32f3x0_fwdgt.c

   * Component: GigaDevice::Device:GD32F3x0_StdPeripherals:GPIO:2.2.0
      Include file:  Device/Firmware/Peripherals/inc/gd32f3x0_gpio.h
      Source file:   Device/Firmware/Peripherals/src/gd32f3x0_gpio.c

   * Component: GigaDevice::Device:GD32F3x0_StdPeripherals:I2C:2.2.0
      Include file:  Device/Firmware/Peripherals/inc/gd32f3x0_i2c.h
      Source file:   Device/Firmware/Peripherals/src/gd32f3x0_i2c.c

   * Component: GigaDevice::Device:GD32F3x0_StdPeripherals:MISC:2.2.0
      Source file:   Device/Firmware/Peripherals/src/gd32f3x0_misc.c
      Include file:  Device/Firmware/Peripherals/inc/gd32f3x0_misc.h

   * Component: GigaDevice::Device:GD32F3x0_StdPeripherals:PMU:2.2.0
      Source file:   Device/Firmware/Peripherals/src/gd32f3x0_pmu.c
      Include file:  Device/Firmware/Peripherals/inc/gd32f3x0_pmu.h

   * Component: GigaDevice::Device:GD32F3x0_StdPeripherals:RCU:2.2.0
      Source file:   Device/Firmware/Peripherals/src/gd32f3x0_rcu.c
      Include file:  Device/Firmware/Peripherals/inc/gd32f3x0_rcu.h

   * Component: GigaDevice::Device:GD32F3x0_StdPeripherals:RTC:2.2.0
      Include file:  Device/Firmware/Peripherals/inc/gd32f3x0_rtc.h
      Source file:   Device/Firmware/Peripherals/src/gd32f3x0_rtc.c

   * Component: GigaDevice::Device:GD32F3x0_StdPeripherals:SPI_I2S:2.2.0
      Include file:  Device/Firmware/Peripherals/inc/gd32f3x0_spi.h
      Source file:   Device/Firmware/Peripherals/src/gd32f3x0_spi.c

   * Component: GigaDevice::Device:GD32F3x0_StdPeripherals:SYSCFG:2.2.0
      Source file:   Device/Firmware/Peripherals/src/gd32f3x0_syscfg.c
      Include file:  Device/Firmware/Peripherals/inc/gd32f3x0_syscfg.h

   * Component: GigaDevice::Device:GD32F3x0_StdPeripherals:TIMER:2.2.0
      Include file:  Device/Firmware/Peripherals/inc/gd32f3x0_timer.h
      Source file:   Device/Firmware/Peripherals/src/gd32f3x0_timer.c

   * Component: GigaDevice::Device:GD32F3x0_StdPeripherals:TSI:2.2.0
      Include file:  Device/Firmware/Peripherals/inc/gd32f3x0_tsi.h
      Source file:   Device/Firmware/Peripherals/src/gd32f3x0_tsi.c

   * Component: GigaDevice::Device:GD32F3x0_StdPeripherals:USART:2.2.0
      Source file:   Device/Firmware/Peripherals/src/gd32f3x0_usart.c
      Include file:  Device/Firmware/Peripherals/inc/gd32f3x0_usart.h

   * Component: GigaDevice::Device:GD32F3x0_StdPeripherals:WWDGT:2.2.0
      Source file:   Device/Firmware/Peripherals/src/gd32f3x0_wwdgt.c
      Include file:  Device/Firmware/Peripherals/inc/gd32f3x0_wwdgt.h

   * Component: GigaDevice::Device:GD32F3x0_libopt:2.2.0
      Include file:  Device/Include/gd32f3x0_libopt.h

   * Component: GigaDevice::Device:Startup:2.2.0
      Include file:  Device/Include/gd32f3x0.h
      Source file:   Device/Source/ARM/startup_gd32f3x0.s
      Source file:   Device/Source/system_gd32f3x0.c
Build Time Elapsed:  00:00:01
</pre>
</body>
</html>
