Component: Arm Compiler for Embedded 6.18 Tool: armlink [5e4cc100]

==============================================================================

Section Cross References

    main.o(.text.main) refers to gd32f3x0_rcu.o(.text.rcu_periph_clock_enable) for rcu_periph_clock_enable
    main.o(.text.main) refers to gd32f3x0_gpio.o(.text.gpio_mode_set) for gpio_mode_set
    main.o(.text.main) refers to gd32f3x0_gpio.o(.text.gpio_output_options_set) for gpio_output_options_set
    main.o(.text.main) refers to gd32f3x0_gpio.o(.text.gpio_bit_set) for gpio_bit_set
    main.o(.text.main) refers to gd32f3x0_gpio.o(.text.gpio_bit_reset) for gpio_bit_reset
    main.o(.ARM.exidx.text.main) refers to main.o(.text.main) for [Anonymous Symbol]
    gd32f3x0_adc.o(.text.adc_deinit) refers to gd32f3x0_rcu.o(.text.rcu_periph_reset_enable) for rcu_periph_reset_enable
    gd32f3x0_adc.o(.text.adc_deinit) refers to gd32f3x0_rcu.o(.text.rcu_periph_reset_disable) for rcu_periph_reset_disable
    gd32f3x0_adc.o(.ARM.exidx.text.adc_deinit) refers to gd32f3x0_adc.o(.text.adc_deinit) for [Anonymous Symbol]
    gd32f3x0_adc.o(.ARM.exidx.text.adc_enable) refers to gd32f3x0_adc.o(.text.adc_enable) for [Anonymous Symbol]
    gd32f3x0_adc.o(.ARM.exidx.text.adc_disable) refers to gd32f3x0_adc.o(.text.adc_disable) for [Anonymous Symbol]
    gd32f3x0_adc.o(.ARM.exidx.text.adc_calibration_enable) refers to gd32f3x0_adc.o(.text.adc_calibration_enable) for [Anonymous Symbol]
    gd32f3x0_adc.o(.ARM.exidx.text.adc_dma_mode_enable) refers to gd32f3x0_adc.o(.text.adc_dma_mode_enable) for [Anonymous Symbol]
    gd32f3x0_adc.o(.ARM.exidx.text.adc_dma_mode_disable) refers to gd32f3x0_adc.o(.text.adc_dma_mode_disable) for [Anonymous Symbol]
    gd32f3x0_adc.o(.ARM.exidx.text.adc_tempsensor_vrefint_enable) refers to gd32f3x0_adc.o(.text.adc_tempsensor_vrefint_enable) for [Anonymous Symbol]
    gd32f3x0_adc.o(.ARM.exidx.text.adc_tempsensor_vrefint_disable) refers to gd32f3x0_adc.o(.text.adc_tempsensor_vrefint_disable) for [Anonymous Symbol]
    gd32f3x0_adc.o(.ARM.exidx.text.adc_vbat_enable) refers to gd32f3x0_adc.o(.text.adc_vbat_enable) for [Anonymous Symbol]
    gd32f3x0_adc.o(.ARM.exidx.text.adc_vbat_disable) refers to gd32f3x0_adc.o(.text.adc_vbat_disable) for [Anonymous Symbol]
    gd32f3x0_adc.o(.ARM.exidx.text.adc_discontinuous_mode_config) refers to gd32f3x0_adc.o(.text.adc_discontinuous_mode_config) for [Anonymous Symbol]
    gd32f3x0_adc.o(.ARM.exidx.text.adc_special_function_config) refers to gd32f3x0_adc.o(.text.adc_special_function_config) for [Anonymous Symbol]
    gd32f3x0_adc.o(.ARM.exidx.text.adc_data_alignment_config) refers to gd32f3x0_adc.o(.text.adc_data_alignment_config) for [Anonymous Symbol]
    gd32f3x0_adc.o(.ARM.exidx.text.adc_channel_length_config) refers to gd32f3x0_adc.o(.text.adc_channel_length_config) for [Anonymous Symbol]
    gd32f3x0_adc.o(.ARM.exidx.text.adc_regular_channel_config) refers to gd32f3x0_adc.o(.text.adc_regular_channel_config) for [Anonymous Symbol]
    gd32f3x0_adc.o(.ARM.exidx.text.adc_inserted_channel_config) refers to gd32f3x0_adc.o(.text.adc_inserted_channel_config) for [Anonymous Symbol]
    gd32f3x0_adc.o(.ARM.exidx.text.adc_inserted_channel_offset_config) refers to gd32f3x0_adc.o(.text.adc_inserted_channel_offset_config) for [Anonymous Symbol]
    gd32f3x0_adc.o(.ARM.exidx.text.adc_external_trigger_config) refers to gd32f3x0_adc.o(.text.adc_external_trigger_config) for [Anonymous Symbol]
    gd32f3x0_adc.o(.ARM.exidx.text.adc_external_trigger_source_config) refers to gd32f3x0_adc.o(.text.adc_external_trigger_source_config) for [Anonymous Symbol]
    gd32f3x0_adc.o(.ARM.exidx.text.adc_software_trigger_enable) refers to gd32f3x0_adc.o(.text.adc_software_trigger_enable) for [Anonymous Symbol]
    gd32f3x0_adc.o(.ARM.exidx.text.adc_regular_data_read) refers to gd32f3x0_adc.o(.text.adc_regular_data_read) for [Anonymous Symbol]
    gd32f3x0_adc.o(.ARM.exidx.text.adc_inserted_data_read) refers to gd32f3x0_adc.o(.text.adc_inserted_data_read) for [Anonymous Symbol]
    gd32f3x0_adc.o(.ARM.exidx.text.adc_watchdog_single_channel_enable) refers to gd32f3x0_adc.o(.text.adc_watchdog_single_channel_enable) for [Anonymous Symbol]
    gd32f3x0_adc.o(.ARM.exidx.text.adc_watchdog_group_channel_enable) refers to gd32f3x0_adc.o(.text.adc_watchdog_group_channel_enable) for [Anonymous Symbol]
    gd32f3x0_adc.o(.ARM.exidx.text.adc_watchdog_disable) refers to gd32f3x0_adc.o(.text.adc_watchdog_disable) for [Anonymous Symbol]
    gd32f3x0_adc.o(.ARM.exidx.text.adc_watchdog_threshold_config) refers to gd32f3x0_adc.o(.text.adc_watchdog_threshold_config) for [Anonymous Symbol]
    gd32f3x0_adc.o(.ARM.exidx.text.adc_resolution_config) refers to gd32f3x0_adc.o(.text.adc_resolution_config) for [Anonymous Symbol]
    gd32f3x0_adc.o(.ARM.exidx.text.adc_oversample_mode_config) refers to gd32f3x0_adc.o(.text.adc_oversample_mode_config) for [Anonymous Symbol]
[...]
    Removing gd32f3x0_pmu.o(.bss.pmu_to_deepsleepmode.reg_snap), (16 bytes).
    Removing gd32f3x0_rcu.o(.text), (0 bytes).
    Removing gd32f3x0_rcu.o(.text.rcu_deinit), (214 bytes).
    Removing gd32f3x0_rcu.o(.ARM.exidx.text.rcu_deinit), (8 bytes).
    Removing gd32f3x0_rcu.o(.ARM.exidx.text.rcu_periph_clock_enable), (8 bytes).
    Removing gd32f3x0_rcu.o(.text.rcu_periph_clock_disable), (40 bytes).
    Removing gd32f3x0_rcu.o(.ARM.exidx.text.rcu_periph_clock_disable), (8 bytes).
    Removing gd32f3x0_rcu.o(.text.rcu_periph_clock_sleep_enable), (40 bytes).
    Removing gd32f3x0_rcu.o(.ARM.exidx.text.rcu_periph_clock_sleep_enable), (8 bytes).
    Removing gd32f3x0_rcu.o(.text.rcu_periph_clock_sleep_disable), (40 bytes).
    Removing gd32f3x0_rcu.o(.ARM.exidx.text.rcu_periph_clock_sleep_disable), (8 bytes).
    Removing gd32f3x0_rcu.o(.text.rcu_periph_reset_enable), (40 bytes).
    Removing gd32f3x0_rcu.o(.ARM.exidx.text.rcu_periph_reset_enable), (8 bytes).
    Removing gd32f3x0_rcu.o(.text.rcu_periph_reset_disable), (40 bytes).
    Removing gd32f3x0_rcu.o(.ARM.exidx.text.rcu_periph_reset_disable), (8 bytes).
    Removing gd32f3x0_rcu.o(.text.rcu_bkp_reset_enable), (18 bytes).
    Removing gd32f3x0_rcu.o(.ARM.exidx.text.rcu_bkp_reset_enable), (8 bytes).
    Removing gd32f3x0_rcu.o(.text.rcu_bkp_reset_disable), (18 bytes).
    Removing gd32f3x0_rcu.o(.ARM.exidx.text.rcu_bkp_reset_disable), (8 bytes).
    Removing gd32f3x0_rcu.o(.text.rcu_system_clock_source_config), (40 bytes).
    Removing gd32f3x0_rcu.o(.ARM.exidx.text.rcu_system_clock_source_config), (8 bytes).
    Removing gd32f3x0_rcu.o(.text.rcu_system_clock_source_get), (16 bytes).
    Removing gd32f3x0_rcu.o(.ARM.exidx.text.rcu_system_clock_source_get), (8 bytes).
    Removing gd32f3x0_rcu.o(.text.rcu_ahb_clock_config), (40 bytes).
    Removing gd32f3x0_rcu.o(.ARM.exidx.text.rcu_ahb_clock_config), (8 bytes).
    Removing gd32f3x0_rcu.o(.text.rcu_apb1_clock_config), (40 bytes).
    Removing gd32f3x0_rcu.o(.ARM.exidx.text.rcu_apb1_clock_config), (8 bytes).
    Removing gd32f3x0_rcu.o(.text.rcu_apb2_clock_config), (40 bytes).
    Removing gd32f3x0_rcu.o(.ARM.exidx.text.rcu_apb2_clock_config), (8 bytes).
    Removing gd32f3x0_rcu.o(.text.rcu_adc_clock_config), (428 bytes).
    Removing gd32f3x0_rcu.o(.ARM.exidx.text.rcu_adc_clock_config), (8 bytes).
    Removing gd32f3x0_rcu.o(.text.rcu_usbfs_clock_config), (64 bytes).
    Removing gd32f3x0_rcu.o(.ARM.exidx.text.rcu_usbfs_clock_config), (8 bytes).
    Removing gd32f3x0_rcu.o(.text.rcu_ckout_config), (46 bytes).
    Removing gd32f3x0_rcu.o(.ARM.exidx.text.rcu_ckout_config), (8 bytes).
    Removing gd32f3x0_rcu.o(.text.rcu_pll_preselection_config), (32 bytes).
    Removing gd32f3x0_rcu.o(.ARM.exidx.text.rcu_pll_preselection_config), (8 bytes).
    Removing gd32f3x0_rcu.o(.text.rcu_pll_config), (76 bytes).
    Removing gd32f3x0_rcu.o(.ARM.exidx.text.rcu_pll_config), (8 bytes).
    Removing gd32f3x0_rcu.o(.text.rcu_usart_clock_config), (32 bytes).
    Removing gd32f3x0_rcu.o(.ARM.exidx.text.rcu_usart_clock_config), (8 bytes).
    Removing gd32f3x0_rcu.o(.text.rcu_cec_clock_config), (32 bytes).
    Removing gd32f3x0_rcu.o(.ARM.exidx.text.rcu_cec_clock_config), (8 bytes).
    Removing gd32f3x0_rcu.o(.text.rcu_rtc_clock_config), (32 bytes).
    Removing gd32f3x0_rcu.o(.ARM.exidx.text.rcu_rtc_clock_config), (8 bytes).
    Removing gd32f3x0_rcu.o(.text.rcu_ck48m_clock_config), (36 bytes).
    Removing gd32f3x0_rcu.o(.ARM.exidx.text.rcu_ck48m_clock_config), (8 bytes).
    Removing gd32f3x0_rcu.o(.text.rcu_hxtal_prediv_config), (40 bytes).
    Removing gd32f3x0_rcu.o(.ARM.exidx.text.rcu_hxtal_prediv_config), (8 bytes).
    Removing gd32f3x0_rcu.o(.text.rcu_lxtal_drive_capability_config), (32 bytes).
    Removing gd32f3x0_rcu.o(.ARM.exidx.text.rcu_lxtal_drive_capability_config), (8 bytes).
    Removing gd32f3x0_rcu.o(.text.rcu_flag_get), (62 bytes).
    Removing gd32f3x0_rcu.o(.ARM.exidx.text.rcu_flag_get), (8 bytes).
    Removing gd32f3x0_rcu.o(.text.rcu_all_reset_flag_clear), (18 bytes).
    Removing gd32f3x0_rcu.o(.ARM.exidx.text.rcu_all_reset_flag_clear), (8 bytes).
    Removing gd32f3x0_rcu.o(.text.rcu_interrupt_flag_get), (62 bytes).
    Removing gd32f3x0_rcu.o(.ARM.exidx.text.rcu_interrupt_flag_get), (8 bytes).
    Removing gd32f3x0_rcu.o(.text.rcu_interrupt_flag_clear), (40 bytes).
    Removing gd32f3x0_rcu.o(.ARM.exidx.text.rcu_interrupt_flag_clear), (8 bytes).
    Removing gd32f3x0_rcu.o(.text.rcu_interrupt_enable), (40 bytes).
    Removing gd32f3x0_rcu.o(.ARM.exidx.text.rcu_interrupt_enable), (8 bytes).
    Removing gd32f3x0_rcu.o(.text.rcu_interrupt_disable), (40 bytes).
    Removing gd32f3x0_rcu.o(.ARM.exidx.text.rcu_interrupt_disable), (8 bytes).
    Removing gd32f3x0_rcu.o(.text.rcu_osci_stab_wait), (668 bytes).
    Removing gd32f3x0_rcu.o(.ARM.exidx.text.rcu_osci_stab_wait), (8 bytes).
    Removing gd32f3x0_rcu.o(.text.rcu_osci_on), (40 bytes).
    Removing gd32f3x0_rcu.o(.ARM.exidx.text.rcu_osci_on), (8 bytes).
    Removing gd32f3x0_rcu.o(.text.rcu_osci_off), (40 bytes).
    Removing gd32f3x0_rcu.o(.ARM.exidx.text.rcu_osci_off), (8 bytes).
    Removing gd32f3x0_rcu.o(.text.rcu_osci_bypass_mode_enable), (144 bytes).
    Removing gd32f3x0_rcu.o(.ARM.exidx.text.rcu_osci_bypass_mode_enable), (8 bytes).
    Removing gd32f3x0_rcu.o(.text.rcu_osci_bypass_mode_disable), (144 bytes).
    Removing gd32f3x0_rcu.o(.ARM.exidx.text.rcu_osci_bypass_mode_disable), (8 bytes).
    Removing gd32f3x0_rcu.o(.text.rcu_hxtal_clock_monitor_enable), (18 bytes).
    Removing gd32f3x0_rcu.o(.ARM.exidx.text.rcu_hxtal_clock_monitor_enable), (8 bytes).
    Removing gd32f3x0_rcu.o(.text.rcu_hxtal_clock_monitor_disable), (18 bytes).
    Removing gd32f3x0_rcu.o(.ARM.exidx.text.rcu_hxtal_clock_monitor_disable), (8 bytes).
    Removing gd32f3x0_rcu.o(.text.rcu_irc8m_adjust_value_set), (46 bytes).
    Removing gd32f3x0_rcu.o(.ARM.exidx.text.rcu_irc8m_adjust_value_set), (8 bytes).
    Removing gd32f3x0_rcu.o(.text.rcu_irc28m_adjust_value_set), (46 bytes).
    Removing gd32f3x0_rcu.o(.ARM.exidx.text.rcu_irc28m_adjust_value_set), (8 bytes).
    Removing gd32f3x0_rcu.o(.text.rcu_voltage_key_unlock), (30 bytes).
    Removing gd32f3x0_rcu.o(.ARM.exidx.text.rcu_voltage_key_unlock), (8 bytes).
    Removing gd32f3x0_rcu.o(.text.rcu_deepsleep_voltage_set), (32 bytes).
    Removing gd32f3x0_rcu.o(.ARM.exidx.text.rcu_deepsleep_voltage_set), (8 bytes).
    Removing gd32f3x0_rcu.o(.text.rcu_clock_freq_get), (1002 bytes).
    Removing gd32f3x0_rcu.o(.ARM.exidx.text.rcu_clock_freq_get), (8 bytes).
    Removing gd32f3x0_rcu.o(.rodata.cst16), (16 bytes).
    Removing gd32f3x0_rcu.o(.rodata.cst8), (16 bytes).
    Removing gd32f3x0_rtc.o(.text), (0 bytes).
    Removing gd32f3x0_rtc.o(.text.rtc_deinit), (188 bytes).
    Removing gd32f3x0_rtc.o(.ARM.exidx.text.rtc_deinit), (8 bytes).
    Removing gd32f3x0_rtc.o(.text.rtc_init_mode_enter), (138 bytes).
    Removing gd32f3x0_rtc.o(.ARM.exidx.text.rtc_init_mode_enter), (8 bytes).
    Removing gd32f3x0_rtc.o(.text.rtc_register_sync_wait), (166 bytes).
    Removing gd32f3x0_rtc.o(.ARM.exidx.text.rtc_register_sync_wait), (8 bytes).
    Removing gd32f3x0_rtc.o(.text.rtc_init), (228 bytes).
    Removing gd32f3x0_rtc.o(.ARM.exidx.text.rtc_init), (8 bytes).
    Removing gd32f3x0_rtc.o(.text.rtc_init_mode_exit), (18 bytes).
    Removing gd32f3x0_rtc.o(.ARM.exidx.text.rtc_init_mode_exit), (8 bytes).
    Removing gd32f3x0_rtc.o(.text.rtc_current_time_get), (174 bytes).
    Removing gd32f3x0_rtc.o(.ARM.exidx.text.rtc_current_time_get), (8 bytes).
    Removing gd32f3x0_rtc.o(.text.rtc_subsecond_get), (34 bytes).
    Removing gd32f3x0_rtc.o(.ARM.exidx.text.rtc_subsecond_get), (8 bytes).
    Removing gd32f3x0_rtc.o(.text.rtc_alarm_config), (96 bytes).
    Removing gd32f3x0_rtc.o(.ARM.exidx.text.rtc_alarm_config), (8 bytes).
    Removing gd32f3x0_rtc.o(.text.rtc_alarm_subsecond_config), (46 bytes).
    Removing gd32f3x0_rtc.o(.ARM.exidx.text.rtc_alarm_subsecond_config), (8 bytes).
    Removing gd32f3x0_rtc.o(.text.rtc_alarm_get), (94 bytes).
    Removing gd32f3x0_rtc.o(.ARM.exidx.text.rtc_alarm_get), (8 bytes).
    Removing gd32f3x0_rtc.o(.text.rtc_alarm_subsecond_get), (16 bytes).
    Removing gd32f3x0_rtc.o(.ARM.exidx.text.rtc_alarm_subsecond_get), (8 bytes).
    Removing gd32f3x0_rtc.o(.text.rtc_alarm_enable), (38 bytes).
    Removing gd32f3x0_rtc.o(.ARM.exidx.text.rtc_alarm_enable), (8 bytes).
    Removing gd32f3x0_rtc.o(.text.rtc_alarm_disable), (138 bytes).
    Removing gd32f3x0_rtc.o(.ARM.exidx.text.rtc_alarm_disable), (8 bytes).
    Removing gd32f3x0_rtc.o(.text.rtc_timestamp_enable), (66 bytes).
    Removing gd32f3x0_rtc.o(.ARM.exidx.text.rtc_timestamp_enable), (8 bytes).
    Removing gd32f3x0_rtc.o(.text.rtc_timestamp_disable), (38 bytes).
    Removing gd32f3x0_rtc.o(.ARM.exidx.text.rtc_timestamp_disable), (8 bytes).
    Removing gd32f3x0_rtc.o(.text.rtc_timestamp_get), (108 bytes).
    Removing gd32f3x0_rtc.o(.ARM.exidx.text.rtc_timestamp_get), (8 bytes).
    Removing gd32f3x0_rtc.o(.text.rtc_timestamp_subsecond_get), (12 bytes).
    Removing gd32f3x0_rtc.o(.ARM.exidx.text.rtc_timestamp_subsecond_get), (8 bytes).
    Removing gd32f3x0_rtc.o(.text.rtc_tamper_enable), (244 bytes).
    Removing gd32f3x0_rtc.o(.ARM.exidx.text.rtc_tamper_enable), (8 bytes).
    Removing gd32f3x0_rtc.o(.text.rtc_tamper_disable), (24 bytes).
    Removing gd32f3x0_rtc.o(.ARM.exidx.text.rtc_tamper_disable), (8 bytes).
    Removing gd32f3x0_rtc.o(.text.rtc_interrupt_enable), (68 bytes).
    Removing gd32f3x0_rtc.o(.ARM.exidx.text.rtc_interrupt_enable), (8 bytes).
    Removing gd32f3x0_rtc.o(.text.rtc_interrupt_disable), (74 bytes).
    Removing gd32f3x0_rtc.o(.ARM.exidx.text.rtc_interrupt_disable), (8 bytes).
    Removing gd32f3x0_rtc.o(.text.rtc_flag_get), (44 bytes).
    Removing gd32f3x0_rtc.o(.ARM.exidx.text.rtc_flag_get), (8 bytes).
    Removing gd32f3x0_rtc.o(.text.rtc_flag_clear), (24 bytes).
    Removing gd32f3x0_rtc.o(.ARM.exidx.text.rtc_flag_clear), (8 bytes).
    Removing gd32f3x0_rtc.o(.text.rtc_alter_output_config), (100 bytes).
    Removing gd32f3x0_rtc.o(.ARM.exidx.text.rtc_alter_output_config), (8 bytes).
    Removing gd32f3x0_rtc.o(.text.rtc_calibration_config), (152 bytes).
    Removing gd32f3x0_rtc.o(.ARM.exidx.text.rtc_calibration_config), (8 bytes).
    Removing gd32f3x0_rtc.o(.text.rtc_hour_adjust), (44 bytes).
    Removing gd32f3x0_rtc.o(.ARM.exidx.text.rtc_hour_adjust), (8 bytes).
    Removing gd32f3x0_rtc.o(.text.rtc_second_adjust), (174 bytes).
    Removing gd32f3x0_rtc.o(.ARM.exidx.text.rtc_second_adjust), (8 bytes).
    Removing gd32f3x0_rtc.o(.text.rtc_bypass_shadow_enable), (38 bytes).
    Removing gd32f3x0_rtc.o(.ARM.exidx.text.rtc_bypass_shadow_enable), (8 bytes).
    Removing gd32f3x0_rtc.o(.text.rtc_bypass_shadow_disable), (38 bytes).
    Removing gd32f3x0_rtc.o(.ARM.exidx.text.rtc_bypass_shadow_disable), (8 bytes).
    Removing gd32f3x0_rtc.o(.text.rtc_refclock_detection_enable), (84 bytes).
    Removing gd32f3x0_rtc.o(.ARM.exidx.text.rtc_refclock_detection_enable), (8 bytes).
    Removing gd32f3x0_rtc.o(.text.rtc_refclock_detection_disable), (84 bytes).
    Removing gd32f3x0_rtc.o(.ARM.exidx.text.rtc_refclock_detection_disable), (8 bytes).
    Removing gd32f3x0_spi.o(.text), (0 bytes).
    Removing gd32f3x0_spi.o(.text.spi_i2s_deinit), (82 bytes).
    Removing gd32f3x0_spi.o(.ARM.exidx.text.spi_i2s_deinit), (8 bytes).
    Removing gd32f3x0_spi.o(.text.spi_struct_para_init), (34 bytes).
    Removing gd32f3x0_spi.o(.ARM.exidx.text.spi_struct_para_init), (8 bytes).
    Removing gd32f3x0_spi.o(.text.spi_init), (114 bytes).
    Removing gd32f3x0_spi.o(.ARM.exidx.text.spi_init), (8 bytes).
    Removing gd32f3x0_spi.o(.text.spi_enable), (18 bytes).
    Removing gd32f3x0_spi.o(.ARM.exidx.text.spi_enable), (8 bytes).
    Removing gd32f3x0_spi.o(.text.spi_disable), (18 bytes).
    Removing gd32f3x0_spi.o(.ARM.exidx.text.spi_disable), (8 bytes).
    Removing gd32f3x0_spi.o(.text.spi_nss_output_enable), (18 bytes).
    Removing gd32f3x0_spi.o(.ARM.exidx.text.spi_nss_output_enable), (8 bytes).
    Removing gd32f3x0_spi.o(.text.spi_nss_output_disable), (18 bytes).
    Removing gd32f3x0_spi.o(.ARM.exidx.text.spi_nss_output_disable), (8 bytes).
    Removing gd32f3x0_spi.o(.text.spi_nss_internal_high), (18 bytes).
    Removing gd32f3x0_spi.o(.ARM.exidx.text.spi_nss_internal_high), (8 bytes).
    Removing gd32f3x0_spi.o(.text.spi_nss_internal_low), (18 bytes).
    Removing gd32f3x0_spi.o(.ARM.exidx.text.spi_nss_internal_low), (8 bytes).
    Removing gd32f3x0_spi.o(.text.spi_dma_enable), (44 bytes).
    Removing gd32f3x0_spi.o(.ARM.exidx.text.spi_dma_enable), (8 bytes).
    Removing gd32f3x0_spi.o(.text.spi_dma_disable), (44 bytes).
    Removing gd32f3x0_spi.o(.ARM.exidx.text.spi_dma_disable), (8 bytes).
    Removing gd32f3x0_spi.o(.text.spi_i2s_data_frame_format_config), (34 bytes).
    Removing gd32f3x0_spi.o(.ARM.exidx.text.spi_i2s_data_frame_format_config), (8 bytes).
    Removing gd32f3x0_spi.o(.text.spi_i2s_data_transmit), (20 bytes).
    Removing gd32f3x0_spi.o(.ARM.exidx.text.spi_i2s_data_transmit), (8 bytes).
    Removing gd32f3x0_spi.o(.text.spi_i2s_data_receive), (14 bytes).
    Removing gd32f3x0_spi.o(.ARM.exidx.text.spi_i2s_data_receive), (8 bytes).
    Removing gd32f3x0_spi.o(.text.spi_bidirectional_transfer_config), (44 bytes).
    Removing gd32f3x0_spi.o(.ARM.exidx.text.spi_bidirectional_transfer_config), (8 bytes).
    Removing gd32f3x0_spi.o(.text.spi_crc_polynomial_set), (30 bytes).
    Removing gd32f3x0_spi.o(.ARM.exidx.text.spi_crc_polynomial_set), (8 bytes).
    Removing gd32f3x0_spi.o(.text.spi_crc_polynomial_get), (14 bytes).
    Removing gd32f3x0_spi.o(.ARM.exidx.text.spi_crc_polynomial_get), (8 bytes).
    Removing gd32f3x0_spi.o(.text.spi_crc_on), (18 bytes).
    Removing gd32f3x0_spi.o(.ARM.exidx.text.spi_crc_on), (8 bytes).
    Removing gd32f3x0_spi.o(.text.spi_crc_off), (18 bytes).
    Removing gd32f3x0_spi.o(.ARM.exidx.text.spi_crc_off), (8 bytes).
    Removing gd32f3x0_spi.o(.text.spi_crc_next), (18 bytes).
    Removing gd32f3x0_spi.o(.ARM.exidx.text.spi_crc_next), (8 bytes).
    Removing gd32f3x0_spi.o(.text.spi_crc_get), (44 bytes).
    Removing gd32f3x0_spi.o(.ARM.exidx.text.spi_crc_get), (8 bytes).
    Removing gd32f3x0_spi.o(.text.spi_ti_mode_enable), (18 bytes).
    Removing gd32f3x0_spi.o(.ARM.exidx.text.spi_ti_mode_enable), (8 bytes).
    Removing gd32f3x0_spi.o(.text.spi_ti_mode_disable), (18 bytes).
    Removing gd32f3x0_spi.o(.ARM.exidx.text.spi_ti_mode_disable), (8 bytes).
    Removing gd32f3x0_spi.o(.text.spi_nssp_mode_enable), (18 bytes).
    Removing gd32f3x0_spi.o(.ARM.exidx.text.spi_nssp_mode_enable), (8 bytes).
    Removing gd32f3x0_spi.o(.text.spi_nssp_mode_disable), (18 bytes).
    Removing gd32f3x0_spi.o(.ARM.exidx.text.spi_nssp_mode_disable), (8 bytes).
    Removing gd32f3x0_spi.o(.text.qspi_enable), (22 bytes).
    Removing gd32f3x0_spi.o(.ARM.exidx.text.qspi_enable), (8 bytes).
    Removing gd32f3x0_spi.o(.text.qspi_disable), (22 bytes).
    Removing gd32f3x0_spi.o(.ARM.exidx.text.qspi_disable), (8 bytes).
    Removing gd32f3x0_spi.o(.text.qspi_write_enable), (22 bytes).
    Removing gd32f3x0_spi.o(.ARM.exidx.text.qspi_write_enable), (8 bytes).
    Removing gd32f3x0_spi.o(.text.qspi_read_enable), (22 bytes).
    Removing gd32f3x0_spi.o(.ARM.exidx.text.qspi_read_enable), (8 bytes).
    Removing gd32f3x0_spi.o(.text.qspi_io23_output_enable), (22 bytes).
    Removing gd32f3x0_spi.o(.ARM.exidx.text.qspi_io23_output_enable), (8 bytes).
    Removing gd32f3x0_spi.o(.text.qspi_io23_output_disable), (22 bytes).
    Removing gd32f3x0_spi.o(.ARM.exidx.text.qspi_io23_output_disable), (8 bytes).
    Removing gd32f3x0_spi.o(.text.spi_i2s_interrupt_enable), (78 bytes).
    Removing gd32f3x0_spi.o(.ARM.exidx.text.spi_i2s_interrupt_enable), (8 bytes).
    Removing gd32f3x0_spi.o(.text.spi_i2s_interrupt_disable), (78 bytes).
    Removing gd32f3x0_spi.o(.ARM.exidx.text.spi_i2s_interrupt_disable), (8 bytes).
    Removing gd32f3x0_spi.o(.text.spi_i2s_interrupt_flag_get), (210 bytes).
    Removing gd32f3x0_spi.o(.ARM.exidx.text.spi_i2s_interrupt_flag_get), (8 bytes).
    Removing gd32f3x0_spi.o(.text.spi_i2s_flag_get), (42 bytes).
    Removing gd32f3x0_spi.o(.ARM.exidx.text.spi_i2s_flag_get), (8 bytes).
    Removing gd32f3x0_spi.o(.text.spi_crc_error_clear), (18 bytes).
    Removing gd32f3x0_spi.o(.ARM.exidx.text.spi_crc_error_clear), (8 bytes).
    Removing gd32f3x0_syscfg.o(.text), (0 bytes).
    Removing gd32f3x0_syscfg.o(.text.syscfg_deinit), (24 bytes).
    Removing gd32f3x0_syscfg.o(.ARM.exidx.text.syscfg_deinit), (8 bytes).
    Removing gd32f3x0_syscfg.o(.text.syscfg_dma_remap_enable), (22 bytes).
    Removing gd32f3x0_syscfg.o(.ARM.exidx.text.syscfg_dma_remap_enable), (8 bytes).
    Removing gd32f3x0_syscfg.o(.text.syscfg_dma_remap_disable), (22 bytes).
    Removing gd32f3x0_syscfg.o(.ARM.exidx.text.syscfg_dma_remap_disable), (8 bytes).
    Removing gd32f3x0_syscfg.o(.text.syscfg_high_current_enable), (16 bytes).
    Removing gd32f3x0_syscfg.o(.ARM.exidx.text.syscfg_high_current_enable), (8 bytes).
    Removing gd32f3x0_syscfg.o(.text.syscfg_high_current_disable), (16 bytes).
    Removing gd32f3x0_syscfg.o(.ARM.exidx.text.syscfg_high_current_disable), (8 bytes).
    Removing gd32f3x0_syscfg.o(.text.syscfg_exti_line_config), (172 bytes).
    Removing gd32f3x0_syscfg.o(.ARM.exidx.text.syscfg_exti_line_config), (8 bytes).
    Removing gd32f3x0_syscfg.o(.text.syscfg_lock_config), (22 bytes).
    Removing gd32f3x0_syscfg.o(.ARM.exidx.text.syscfg_lock_config), (8 bytes).
    Removing gd32f3x0_syscfg.o(.text.syscfg_flag_get), (44 bytes).
    Removing gd32f3x0_syscfg.o(.ARM.exidx.text.syscfg_flag_get), (8 bytes).
    Removing gd32f3x0_syscfg.o(.text.syscfg_flag_clear), (22 bytes).
    Removing gd32f3x0_syscfg.o(.ARM.exidx.text.syscfg_flag_clear), (8 bytes).
    Removing gd32f3x0_syscfg.o(.text.syscfg_compensation_config), (34 bytes).
    Removing gd32f3x0_syscfg.o(.ARM.exidx.text.syscfg_compensation_config), (8 bytes).
    Removing gd32f3x0_syscfg.o(.text.syscfg_cps_rdy_flag_get), (42 bytes).
    Removing gd32f3x0_syscfg.o(.ARM.exidx.text.syscfg_cps_rdy_flag_get), (8 bytes).
    Removing gd32f3x0_timer.o(.text), (0 bytes).
    Removing gd32f3x0_timer.o(.text.timer_deinit), (246 bytes).
    Removing gd32f3x0_timer.o(.ARM.exidx.text.timer_deinit), (8 bytes).
    Removing gd32f3x0_timer.o(.text.timer_struct_para_init), (38 bytes).
    Removing gd32f3x0_timer.o(.ARM.exidx.text.timer_struct_para_init), (8 bytes).
    Removing gd32f3x0_timer.o(.text.timer_init), (318 bytes).
    Removing gd32f3x0_timer.o(.ARM.exidx.text.timer_init), (8 bytes).
    Removing gd32f3x0_timer.o(.text.timer_enable), (18 bytes).
    Removing gd32f3x0_timer.o(.ARM.exidx.text.timer_enable), (8 bytes).
    Removing gd32f3x0_timer.o(.text.timer_disable), (18 bytes).
    Removing gd32f3x0_timer.o(.ARM.exidx.text.timer_disable), (8 bytes).
    Removing gd32f3x0_timer.o(.text.timer_auto_reload_shadow_enable), (18 bytes).
    Removing gd32f3x0_timer.o(.ARM.exidx.text.timer_auto_reload_shadow_enable), (8 bytes).
    Removing gd32f3x0_timer.o(.text.timer_auto_reload_shadow_disable), (18 bytes).
    Removing gd32f3x0_timer.o(.ARM.exidx.text.timer_auto_reload_shadow_disable), (8 bytes).
    Removing gd32f3x0_timer.o(.text.timer_update_event_enable), (18 bytes).
    Removing gd32f3x0_timer.o(.ARM.exidx.text.timer_update_event_enable), (8 bytes).
    Removing gd32f3x0_timer.o(.text.timer_update_event_disable), (18 bytes).
    Removing gd32f3x0_timer.o(.ARM.exidx.text.timer_update_event_disable), (8 bytes).
    Removing gd32f3x0_timer.o(.text.timer_counter_alignment), (34 bytes).
    Removing gd32f3x0_timer.o(.ARM.exidx.text.timer_counter_alignment), (8 bytes).
    Removing gd32f3x0_timer.o(.text.timer_counter_up_direction), (18 bytes).
    Removing gd32f3x0_timer.o(.ARM.exidx.text.timer_counter_up_direction), (8 bytes).
    Removing gd32f3x0_timer.o(.text.timer_counter_down_direction), (18 bytes).
    Removing gd32f3x0_timer.o(.ARM.exidx.text.timer_counter_down_direction), (8 bytes).
    Removing gd32f3x0_timer.o(.text.timer_prescaler_config), (44 bytes).
    Removing gd32f3x0_timer.o(.ARM.exidx.text.timer_prescaler_config), (8 bytes).
    Removing gd32f3x0_timer.o(.text.timer_repetition_value_config), (20 bytes).
    Removing gd32f3x0_timer.o(.ARM.exidx.text.timer_repetition_value_config), (8 bytes).
    Removing gd32f3x0_timer.o(.text.timer_autoreload_value_config), (16 bytes).
    Removing gd32f3x0_timer.o(.ARM.exidx.text.timer_autoreload_value_config), (8 bytes).
    Removing gd32f3x0_timer.o(.text.timer_counter_value_config), (16 bytes).
    Removing gd32f3x0_timer.o(.ARM.exidx.text.timer_counter_value_config), (8 bytes).
    Removing gd32f3x0_timer.o(.text.timer_counter_read), (20 bytes).
    Removing gd32f3x0_timer.o(.ARM.exidx.text.timer_counter_read), (8 bytes).
    Removing gd32f3x0_timer.o(.text.timer_prescaler_read), (26 bytes).
    Removing gd32f3x0_timer.o(.ARM.exidx.text.timer_prescaler_read), (8 bytes).
    Removing gd32f3x0_timer.o(.text.timer_single_pulse_mode_config), (58 bytes).
    Removing gd32f3x0_timer.o(.ARM.exidx.text.timer_single_pulse_mode_config), (8 bytes).
    Removing gd32f3x0_timer.o(.text.timer_update_source_config), (58 bytes).
    Removing gd32f3x0_timer.o(.ARM.exidx.text.timer_update_source_config), (8 bytes).
    Removing gd32f3x0_timer.o(.text.timer_ocpre_clear_source_config), (58 bytes).
    Removing gd32f3x0_timer.o(.ARM.exidx.text.timer_ocpre_clear_source_config), (8 bytes).
    Removing gd32f3x0_timer.o(.text.timer_flag_get), (42 bytes).
    Removing gd32f3x0_timer.o(.ARM.exidx.text.timer_flag_get), (8 bytes).
    Removing gd32f3x0_timer.o(.text.timer_flag_clear), (18 bytes).
    Removing gd32f3x0_timer.o(.ARM.exidx.text.timer_flag_clear), (8 bytes).
    Removing gd32f3x0_timer.o(.text.timer_interrupt_enable), (20 bytes).
    Removing gd32f3x0_timer.o(.ARM.exidx.text.timer_interrupt_enable), (8 bytes).
    Removing gd32f3x0_timer.o(.text.timer_interrupt_disable), (20 bytes).
    Removing gd32f3x0_timer.o(.ARM.exidx.text.timer_interrupt_disable), (8 bytes).
    Removing gd32f3x0_timer.o(.text.timer_interrupt_flag_get), (58 bytes).
    Removing gd32f3x0_timer.o(.ARM.exidx.text.timer_interrupt_flag_get), (8 bytes).
    Removing gd32f3x0_timer.o(.text.timer_interrupt_flag_clear), (18 bytes).
    Removing gd32f3x0_timer.o(.ARM.exidx.text.timer_interrupt_flag_clear), (8 bytes).
    Removing gd32f3x0_timer.o(.text.timer_dma_enable), (24 bytes).
    Removing gd32f3x0_timer.o(.ARM.exidx.text.timer_dma_enable), (8 bytes).
    Removing gd32f3x0_timer.o(.text.timer_dma_disable), (24 bytes).
    Removing gd32f3x0_timer.o(.ARM.exidx.text.timer_dma_disable), (8 bytes).
    Removing gd32f3x0_timer.o(.text.timer_channel_dma_request_source_select), (58 bytes).
    Removing gd32f3x0_timer.o(.ARM.exidx.text.timer_channel_dma_request_source_select), (8 bytes).
    Removing gd32f3x0_timer.o(.text.timer_dma_transfer_config), (40 bytes).
    Removing gd32f3x0_timer.o(.ARM.exidx.text.timer_dma_transfer_config), (8 bytes).
    Removing gd32f3x0_timer.o(.text.timer_event_software_generate), (24 bytes).
    Removing gd32f3x0_timer.o(.ARM.exidx.text.timer_event_software_generate), (8 bytes).
    Removing gd32f3x0_timer.o(.text.timer_break_struct_para_init), (38 bytes).
    Removing gd32f3x0_timer.o(.ARM.exidx.text.timer_break_struct_para_init), (8 bytes).
    Removing gd32f3x0_timer.o(.text.timer_break_config), (54 bytes).
    Removing gd32f3x0_timer.o(.ARM.exidx.text.timer_break_config), (8 bytes).
    Removing gd32f3x0_timer.o(.text.timer_break_enable), (18 bytes).
    Removing gd32f3x0_timer.o(.ARM.exidx.text.timer_break_enable), (8 bytes).
    Removing gd32f3x0_timer.o(.text.timer_break_disable), (18 bytes).
    Removing gd32f3x0_timer.o(.ARM.exidx.text.timer_break_disable), (8 bytes).
    Removing gd32f3x0_timer.o(.text.timer_automatic_output_enable), (18 bytes).
    Removing gd32f3x0_timer.o(.ARM.exidx.text.timer_automatic_output_enable), (8 bytes).
    Removing gd32f3x0_timer.o(.text.timer_automatic_output_disable), (18 bytes).
    Removing gd32f3x0_timer.o(.ARM.exidx.text.timer_automatic_output_disable), (8 bytes).
    Removing gd32f3x0_timer.o(.text.timer_primary_output_config), (46 bytes).
    Removing gd32f3x0_timer.o(.ARM.exidx.text.timer_primary_output_config), (8 bytes).
    Removing gd32f3x0_timer.o(.text.timer_channel_control_shadow_config), (46 bytes).
    Removing gd32f3x0_timer.o(.ARM.exidx.text.timer_channel_control_shadow_config), (8 bytes).
    Removing gd32f3x0_timer.o(.text.timer_channel_control_shadow_update_config), (58 bytes).
    Removing gd32f3x0_timer.o(.ARM.exidx.text.timer_channel_control_shadow_update_config), (8 bytes).
    Removing gd32f3x0_timer.o(.text.timer_channel_output_struct_para_init), (34 bytes).
    Removing gd32f3x0_timer.o(.ARM.exidx.text.timer_channel_output_struct_para_init), (8 bytes).
    Removing gd32f3x0_timer.o(.text.timer_channel_output_config), (746 bytes).
    Removing gd32f3x0_timer.o(.ARM.exidx.text.timer_channel_output_config), (8 bytes).
    Removing gd32f3x0_timer.o(.text.timer_channel_output_mode_config), (140 bytes).
    Removing gd32f3x0_timer.o(.ARM.exidx.text.timer_channel_output_mode_config), (8 bytes).
    Removing gd32f3x0_timer.o(.text.timer_channel_output_pulse_value_config), (70 bytes).
    Removing gd32f3x0_timer.o(.ARM.exidx.text.timer_channel_output_pulse_value_config), (8 bytes).
    Removing gd32f3x0_timer.o(.text.timer_channel_output_shadow_config), (140 bytes).
    Removing gd32f3x0_timer.o(.ARM.exidx.text.timer_channel_output_shadow_config), (8 bytes).
    Removing gd32f3x0_timer.o(.text.timer_channel_output_fast_config), (140 bytes).
    Removing gd32f3x0_timer.o(.ARM.exidx.text.timer_channel_output_fast_config), (8 bytes).
    Removing gd32f3x0_timer.o(.text.timer_channel_output_clear_config), (140 bytes).
    Removing gd32f3x0_timer.o(.ARM.exidx.text.timer_channel_output_clear_config), (8 bytes).
    Removing gd32f3x0_timer.o(.text.timer_channel_output_polarity_config), (142 bytes).
    Removing gd32f3x0_timer.o(.ARM.exidx.text.timer_channel_output_polarity_config), (8 bytes).
    Removing gd32f3x0_timer.o(.text.timer_channel_complementary_output_polarity_config), (142 bytes).
    Removing gd32f3x0_timer.o(.ARM.exidx.text.timer_channel_complementary_output_polarity_config), (8 bytes).
    Removing gd32f3x0_timer.o(.text.timer_channel_output_state_config), (132 bytes).
    Removing gd32f3x0_timer.o(.ARM.exidx.text.timer_channel_output_state_config), (8 bytes).
    Removing gd32f3x0_timer.o(.text.timer_channel_complementary_output_state_config), (122 bytes).
    Removing gd32f3x0_timer.o(.ARM.exidx.text.timer_channel_complementary_output_state_config), (8 bytes).
    Removing gd32f3x0_timer.o(.text.timer_channel_input_struct_para_init), (28 bytes).
    Removing gd32f3x0_timer.o(.ARM.exidx.text.timer_channel_input_struct_para_init), (8 bytes).
    Removing gd32f3x0_timer.o(.text.timer_input_capture_config), (426 bytes).
    Removing gd32f3x0_timer.o(.ARM.exidx.text.timer_input_capture_config), (8 bytes).
    Removing gd32f3x0_timer.o(.text.timer_channel_input_capture_prescaler_config), (140 bytes).
    Removing gd32f3x0_timer.o(.ARM.exidx.text.timer_channel_input_capture_prescaler_config), (8 bytes).
    Removing gd32f3x0_timer.o(.text.timer_channel_capture_value_register_read), (74 bytes).
    Removing gd32f3x0_timer.o(.ARM.exidx.text.timer_channel_capture_value_register_read), (8 bytes).
    Removing gd32f3x0_timer.o(.text.timer_input_pwm_capture_config), (498 bytes).
    Removing gd32f3x0_timer.o(.ARM.exidx.text.timer_input_pwm_capture_config), (8 bytes).
    Removing gd32f3x0_timer.o(.text.timer_hall_mode_config), (58 bytes).
    Removing gd32f3x0_timer.o(.ARM.exidx.text.timer_hall_mode_config), (8 bytes).
    Removing gd32f3x0_timer.o(.text.timer_input_trigger_source_select), (30 bytes).
    Removing gd32f3x0_timer.o(.ARM.exidx.text.timer_input_trigger_source_select), (8 bytes).
    Removing gd32f3x0_timer.o(.text.timer_master_output_trigger_source_select), (30 bytes).
    Removing gd32f3x0_timer.o(.ARM.exidx.text.timer_master_output_trigger_source_select), (8 bytes).
    Removing gd32f3x0_timer.o(.text.timer_slave_mode_select), (30 bytes).
    Removing gd32f3x0_timer.o(.ARM.exidx.text.timer_slave_mode_select), (8 bytes).
    Removing gd32f3x0_timer.o(.text.timer_master_slave_mode_config), (58 bytes).
    Removing gd32f3x0_timer.o(.ARM.exidx.text.timer_master_slave_mode_config), (8 bytes).
    Removing gd32f3x0_timer.o(.text.timer_external_trigger_config), (52 bytes).
    Removing gd32f3x0_timer.o(.ARM.exidx.text.timer_external_trigger_config), (8 bytes).
    Removing gd32f3x0_timer.o(.text.timer_quadrature_decoder_mode_config), (102 bytes).
    Removing gd32f3x0_timer.o(.ARM.exidx.text.timer_quadrature_decoder_mode_config), (8 bytes).
    Removing gd32f3x0_timer.o(.text.timer_internal_clock_config), (18 bytes).
    Removing gd32f3x0_timer.o(.ARM.exidx.text.timer_internal_clock_config), (8 bytes).
    Removing gd32f3x0_timer.o(.text.timer_internal_trigger_as_external_clock_config), (40 bytes).
    Removing gd32f3x0_timer.o(.ARM.exidx.text.timer_internal_trigger_as_external_clock_config), (8 bytes).
    Removing gd32f3x0_timer.o(.text.timer_external_trigger_as_external_clock_config), (228 bytes).
    Removing gd32f3x0_timer.o(.ARM.exidx.text.timer_external_trigger_as_external_clock_config), (8 bytes).
    Removing gd32f3x0_timer.o(.text.timer_external_clock_mode0_config), (48 bytes).
    Removing gd32f3x0_timer.o(.ARM.exidx.text.timer_external_clock_mode0_config), (8 bytes).
    Removing gd32f3x0_timer.o(.text.timer_external_clock_mode1_config), (38 bytes).
    Removing gd32f3x0_timer.o(.ARM.exidx.text.timer_external_clock_mode1_config), (8 bytes).
    Removing gd32f3x0_timer.o(.text.timer_external_clock_mode1_disable), (18 bytes).
    Removing gd32f3x0_timer.o(.ARM.exidx.text.timer_external_clock_mode1_disable), (8 bytes).
    Removing gd32f3x0_timer.o(.text.timer_channel_remap_config), (16 bytes).
    Removing gd32f3x0_timer.o(.ARM.exidx.text.timer_channel_remap_config), (8 bytes).
    Removing gd32f3x0_timer.o(.text.timer_write_chxval_register_config), (66 bytes).
    Removing gd32f3x0_timer.o(.ARM.exidx.text.timer_write_chxval_register_config), (8 bytes).
    Removing gd32f3x0_timer.o(.text.timer_output_value_selection_config), (66 bytes).
    Removing gd32f3x0_timer.o(.ARM.exidx.text.timer_output_value_selection_config), (8 bytes).
    Removing gd32f3x0_tsi.o(.text), (0 bytes).
    Removing gd32f3x0_tsi.o(.text.tsi_deinit), (24 bytes).
    Removing gd32f3x0_tsi.o(.ARM.exidx.text.tsi_deinit), (8 bytes).
    Removing gd32f3x0_tsi.o(.text.tsi_init), (206 bytes).
    Removing gd32f3x0_tsi.o(.ARM.exidx.text.tsi_init), (8 bytes).
    Removing gd32f3x0_tsi.o(.text.tsi_enable), (18 bytes).
    Removing gd32f3x0_tsi.o(.ARM.exidx.text.tsi_enable), (8 bytes).
    Removing gd32f3x0_tsi.o(.text.tsi_disable), (18 bytes).
    Removing gd32f3x0_tsi.o(.ARM.exidx.text.tsi_disable), (8 bytes).
    Removing gd32f3x0_tsi.o(.text.tsi_sample_pin_enable), (44 bytes).
    Removing gd32f3x0_tsi.o(.ARM.exidx.text.tsi_sample_pin_enable), (8 bytes).
    Removing gd32f3x0_tsi.o(.text.tsi_sample_pin_disable), (44 bytes).
    Removing gd32f3x0_tsi.o(.ARM.exidx.text.tsi_sample_pin_disable), (8 bytes).
    Removing gd32f3x0_tsi.o(.text.tsi_channel_pin_enable), (24 bytes).
    Removing gd32f3x0_tsi.o(.ARM.exidx.text.tsi_channel_pin_enable), (8 bytes).
    Removing gd32f3x0_tsi.o(.text.tsi_channel_pin_disable), (24 bytes).
    Removing gd32f3x0_tsi.o(.ARM.exidx.text.tsi_channel_pin_disable), (8 bytes).
    Removing gd32f3x0_tsi.o(.text.tsi_software_mode_config), (38 bytes).
    Removing gd32f3x0_tsi.o(.ARM.exidx.text.tsi_software_mode_config), (8 bytes).
    Removing gd32f3x0_tsi.o(.text.tsi_software_start), (18 bytes).
    Removing gd32f3x0_tsi.o(.ARM.exidx.text.tsi_software_start), (8 bytes).
    Removing gd32f3x0_tsi.o(.text.tsi_software_stop), (18 bytes).
    Removing gd32f3x0_tsi.o(.ARM.exidx.text.tsi_software_stop), (8 bytes).
    Removing gd32f3x0_tsi.o(.text.tsi_hardware_mode_config), (90 bytes).
    Removing gd32f3x0_tsi.o(.ARM.exidx.text.tsi_hardware_mode_config), (8 bytes).
    Removing gd32f3x0_tsi.o(.text.tsi_pin_mode_config), (74 bytes).
    Removing gd32f3x0_tsi.o(.ARM.exidx.text.tsi_pin_mode_config), (8 bytes).
    Removing gd32f3x0_tsi.o(.text.tsi_extend_charge_config), (286 bytes).
    Removing gd32f3x0_tsi.o(.ARM.exidx.text.tsi_extend_charge_config), (8 bytes).
    Removing gd32f3x0_tsi.o(.text.tsi_plus_config), (196 bytes).
    Removing gd32f3x0_tsi.o(.ARM.exidx.text.tsi_plus_config), (8 bytes).
    Removing gd32f3x0_tsi.o(.text.tsi_max_number_config), (60 bytes).
    Removing gd32f3x0_tsi.o(.ARM.exidx.text.tsi_max_number_config), (8 bytes).
    Removing gd32f3x0_tsi.o(.text.tsi_hysteresis_on), (24 bytes).
    Removing gd32f3x0_tsi.o(.ARM.exidx.text.tsi_hysteresis_on), (8 bytes).
    Removing gd32f3x0_tsi.o(.text.tsi_hysteresis_off), (24 bytes).
    Removing gd32f3x0_tsi.o(.ARM.exidx.text.tsi_hysteresis_off), (8 bytes).
    Removing gd32f3x0_tsi.o(.text.tsi_analog_on), (24 bytes).
    Removing gd32f3x0_tsi.o(.ARM.exidx.text.tsi_analog_on), (8 bytes).
    Removing gd32f3x0_tsi.o(.text.tsi_analog_off), (24 bytes).
    Removing gd32f3x0_tsi.o(.ARM.exidx.text.tsi_analog_off), (8 bytes).
    Removing gd32f3x0_tsi.o(.text.tsi_group_enable), (24 bytes).
    Removing gd32f3x0_tsi.o(.ARM.exidx.text.tsi_group_enable), (8 bytes).
    Removing gd32f3x0_tsi.o(.text.tsi_group_disable), (24 bytes).
    Removing gd32f3x0_tsi.o(.ARM.exidx.text.tsi_group_disable), (8 bytes).
    Removing gd32f3x0_tsi.o(.text.tsi_group_status_get), (46 bytes).
    Removing gd32f3x0_tsi.o(.ARM.exidx.text.tsi_group_status_get), (8 bytes).
    Removing gd32f3x0_tsi.o(.text.tsi_group0_cycle_get), (14 bytes).
    Removing gd32f3x0_tsi.o(.ARM.exidx.text.tsi_group0_cycle_get), (8 bytes).
    Removing gd32f3x0_tsi.o(.text.tsi_group1_cycle_get), (14 bytes).
    Removing gd32f3x0_tsi.o(.ARM.exidx.text.tsi_group1_cycle_get), (8 bytes).
    Removing gd32f3x0_tsi.o(.text.tsi_group2_cycle_get), (14 bytes).
    Removing gd32f3x0_tsi.o(.ARM.exidx.text.tsi_group2_cycle_get), (8 bytes).
    Removing gd32f3x0_tsi.o(.text.tsi_group3_cycle_get), (14 bytes).
    Removing gd32f3x0_tsi.o(.ARM.exidx.text.tsi_group3_cycle_get), (8 bytes).
    Removing gd32f3x0_tsi.o(.text.tsi_group4_cycle_get), (14 bytes).
    Removing gd32f3x0_tsi.o(.ARM.exidx.text.tsi_group4_cycle_get), (8 bytes).
    Removing gd32f3x0_tsi.o(.text.tsi_group5_cycle_get), (14 bytes).
    Removing gd32f3x0_tsi.o(.ARM.exidx.text.tsi_group5_cycle_get), (8 bytes).
    Removing gd32f3x0_tsi.o(.text.tsi_flag_clear), (24 bytes).
    Removing gd32f3x0_tsi.o(.ARM.exidx.text.tsi_flag_clear), (8 bytes).
    Removing gd32f3x0_tsi.o(.text.tsi_flag_get), (46 bytes).
    Removing gd32f3x0_tsi.o(.ARM.exidx.text.tsi_flag_get), (8 bytes).
    Removing gd32f3x0_tsi.o(.text.tsi_interrupt_enable), (24 bytes).
    Removing gd32f3x0_tsi.o(.ARM.exidx.text.tsi_interrupt_enable), (8 bytes).
    Removing gd32f3x0_tsi.o(.text.tsi_interrupt_disable), (24 bytes).
    Removing gd32f3x0_tsi.o(.ARM.exidx.text.tsi_interrupt_disable), (8 bytes).
    Removing gd32f3x0_tsi.o(.text.tsi_interrupt_flag_clear), (24 bytes).
    Removing gd32f3x0_tsi.o(.ARM.exidx.text.tsi_interrupt_flag_clear), (8 bytes).
    Removing gd32f3x0_tsi.o(.text.tsi_interrupt_flag_get), (78 bytes).
    Removing gd32f3x0_tsi.o(.ARM.exidx.text.tsi_interrupt_flag_get), (8 bytes).
    Removing gd32f3x0_usart.o(.text), (0 bytes).
    Removing gd32f3x0_usart.o(.text.usart_deinit), (82 bytes).
    Removing gd32f3x0_usart.o(.ARM.exidx.text.usart_deinit), (8 bytes).
    Removing gd32f3x0_usart.o(.text.usart_baudrate_set), (188 bytes).
    Removing gd32f3x0_usart.o(.ARM.exidx.text.usart_baudrate_set), (8 bytes).
    Removing gd32f3x0_usart.o(.text.usart_parity_config), (40 bytes).
    Removing gd32f3x0_usart.o(.ARM.exidx.text.usart_parity_config), (8 bytes).
    Removing gd32f3x0_usart.o(.text.usart_word_length_set), (40 bytes).
    Removing gd32f3x0_usart.o(.ARM.exidx.text.usart_word_length_set), (8 bytes).
    Removing gd32f3x0_usart.o(.text.usart_stop_bit_set), (40 bytes).
    Removing gd32f3x0_usart.o(.ARM.exidx.text.usart_stop_bit_set), (8 bytes).
    Removing gd32f3x0_usart.o(.text.usart_enable), (18 bytes).
    Removing gd32f3x0_usart.o(.ARM.exidx.text.usart_enable), (8 bytes).
    Removing gd32f3x0_usart.o(.text.usart_disable), (18 bytes).
    Removing gd32f3x0_usart.o(.ARM.exidx.text.usart_disable), (8 bytes).
    Removing gd32f3x0_usart.o(.text.usart_transmit_config), (30 bytes).
    Removing gd32f3x0_usart.o(.ARM.exidx.text.usart_transmit_config), (8 bytes).
    Removing gd32f3x0_usart.o(.text.usart_receive_config), (30 bytes).
    Removing gd32f3x0_usart.o(.ARM.exidx.text.usart_receive_config), (8 bytes).
    Removing gd32f3x0_usart.o(.text.usart_data_first_config), (44 bytes).
    Removing gd32f3x0_usart.o(.ARM.exidx.text.usart_data_first_config), (8 bytes).
    Removing gd32f3x0_usart.o(.text.usart_invert_config), (146 bytes).
    Removing gd32f3x0_usart.o(.ARM.exidx.text.usart_invert_config), (8 bytes).
    Removing gd32f3x0_usart.o(.text.usart_overrun_enable), (28 bytes).
    Removing gd32f3x0_usart.o(.ARM.exidx.text.usart_overrun_enable), (8 bytes).
    Removing gd32f3x0_usart.o(.text.usart_overrun_disable), (28 bytes).
    Removing gd32f3x0_usart.o(.ARM.exidx.text.usart_overrun_disable), (8 bytes).
    Removing gd32f3x0_usart.o(.text.usart_oversample_config), (40 bytes).
    Removing gd32f3x0_usart.o(.ARM.exidx.text.usart_oversample_config), (8 bytes).
    Removing gd32f3x0_usart.o(.text.usart_sample_bit_config), (40 bytes).
    Removing gd32f3x0_usart.o(.ARM.exidx.text.usart_sample_bit_config), (8 bytes).
    Removing gd32f3x0_usart.o(.text.usart_receiver_timeout_enable), (18 bytes).
    Removing gd32f3x0_usart.o(.ARM.exidx.text.usart_receiver_timeout_enable), (8 bytes).
    Removing gd32f3x0_usart.o(.text.usart_receiver_timeout_disable), (18 bytes).
    Removing gd32f3x0_usart.o(.ARM.exidx.text.usart_receiver_timeout_disable), (8 bytes).
    Removing gd32f3x0_usart.o(.text.usart_receiver_timeout_threshold_config), (30 bytes).
    Removing gd32f3x0_usart.o(.ARM.exidx.text.usart_receiver_timeout_threshold_config), (8 bytes).
    Removing gd32f3x0_usart.o(.text.usart_data_transmit), (20 bytes).
    Removing gd32f3x0_usart.o(.ARM.exidx.text.usart_data_transmit), (8 bytes).
    Removing gd32f3x0_usart.o(.text.usart_data_receive), (16 bytes).
    Removing gd32f3x0_usart.o(.ARM.exidx.text.usart_data_receive), (8 bytes).
    Removing gd32f3x0_usart.o(.text.usart_autobaud_detection_enable), (18 bytes).
    Removing gd32f3x0_usart.o(.ARM.exidx.text.usart_autobaud_detection_enable), (8 bytes).
    Removing gd32f3x0_usart.o(.text.usart_autobaud_detection_disable), (18 bytes).
    Removing gd32f3x0_usart.o(.ARM.exidx.text.usart_autobaud_detection_disable), (8 bytes).
    Removing gd32f3x0_usart.o(.text.usart_autobaud_detection_mode_config), (30 bytes).
    Removing gd32f3x0_usart.o(.ARM.exidx.text.usart_autobaud_detection_mode_config), (8 bytes).
    Removing gd32f3x0_usart.o(.text.usart_address_config), (46 bytes).
    Removing gd32f3x0_usart.o(.ARM.exidx.text.usart_address_config), (8 bytes).
    Removing gd32f3x0_usart.o(.text.usart_address_detection_mode_config), (44 bytes).
    Removing gd32f3x0_usart.o(.ARM.exidx.text.usart_address_detection_mode_config), (8 bytes).
    Removing gd32f3x0_usart.o(.text.usart_mute_mode_enable), (18 bytes).
    Removing gd32f3x0_usart.o(.ARM.exidx.text.usart_mute_mode_enable), (8 bytes).
    Removing gd32f3x0_usart.o(.text.usart_mute_mode_disable), (18 bytes).
    Removing gd32f3x0_usart.o(.ARM.exidx.text.usart_mute_mode_disable), (8 bytes).
    Removing gd32f3x0_usart.o(.text.usart_mute_mode_wakeup_config), (40 bytes).
    Removing gd32f3x0_usart.o(.ARM.exidx.text.usart_mute_mode_wakeup_config), (8 bytes).
    Removing gd32f3x0_usart.o(.text.usart_lin_mode_enable), (28 bytes).
    Removing gd32f3x0_usart.o(.ARM.exidx.text.usart_lin_mode_enable), (8 bytes).
    Removing gd32f3x0_usart.o(.text.usart_lin_mode_disable), (28 bytes).
    Removing gd32f3x0_usart.o(.ARM.exidx.text.usart_lin_mode_disable), (8 bytes).
    Removing gd32f3x0_usart.o(.text.usart_lin_break_detection_length_config), (44 bytes).
    Removing gd32f3x0_usart.o(.ARM.exidx.text.usart_lin_break_detection_length_config), (8 bytes).
    Removing gd32f3x0_usart.o(.text.usart_halfduplex_enable), (28 bytes).
    Removing gd32f3x0_usart.o(.ARM.exidx.text.usart_halfduplex_enable), (8 bytes).
    Removing gd32f3x0_usart.o(.text.usart_halfduplex_disable), (28 bytes).
    Removing gd32f3x0_usart.o(.ARM.exidx.text.usart_halfduplex_disable), (8 bytes).
    Removing gd32f3x0_usart.o(.text.usart_clock_enable), (28 bytes).
    Removing gd32f3x0_usart.o(.ARM.exidx.text.usart_clock_enable), (8 bytes).
    Removing gd32f3x0_usart.o(.text.usart_clock_disable), (28 bytes).
    Removing gd32f3x0_usart.o(.ARM.exidx.text.usart_clock_disable), (8 bytes).
    Removing gd32f3x0_usart.o(.text.usart_synchronous_clock_config), (76 bytes).
    Removing gd32f3x0_usart.o(.ARM.exidx.text.usart_synchronous_clock_config), (8 bytes).
    Removing gd32f3x0_usart.o(.text.usart_guard_time_config), (44 bytes).
    Removing gd32f3x0_usart.o(.ARM.exidx.text.usart_guard_time_config), (8 bytes).
    Removing gd32f3x0_usart.o(.text.usart_smartcard_mode_enable), (28 bytes).
    Removing gd32f3x0_usart.o(.ARM.exidx.text.usart_smartcard_mode_enable), (8 bytes).
    Removing gd32f3x0_usart.o(.text.usart_smartcard_mode_disable), (28 bytes).
    Removing gd32f3x0_usart.o(.ARM.exidx.text.usart_smartcard_mode_disable), (8 bytes).
    Removing gd32f3x0_usart.o(.text.usart_smartcard_mode_nack_enable), (28 bytes).
    Removing gd32f3x0_usart.o(.ARM.exidx.text.usart_smartcard_mode_nack_enable), (8 bytes).
    Removing gd32f3x0_usart.o(.text.usart_smartcard_mode_nack_disable), (28 bytes).
    Removing gd32f3x0_usart.o(.ARM.exidx.text.usart_smartcard_mode_nack_disable), (8 bytes).
    Removing gd32f3x0_usart.o(.text.usart_smartcard_mode_early_nack_enable), (22 bytes).
    Removing gd32f3x0_usart.o(.ARM.exidx.text.usart_smartcard_mode_early_nack_enable), (8 bytes).
    Removing gd32f3x0_usart.o(.text.usart_smartcard_mode_early_nack_disable), (22 bytes).
    Removing gd32f3x0_usart.o(.ARM.exidx.text.usart_smartcard_mode_early_nack_disable), (8 bytes).
    Removing gd32f3x0_usart.o(.text.usart_smartcard_autoretry_config), (46 bytes).
    Removing gd32f3x0_usart.o(.ARM.exidx.text.usart_smartcard_autoretry_config), (8 bytes).
    Removing gd32f3x0_usart.o(.text.usart_block_length_config), (32 bytes).
    Removing gd32f3x0_usart.o(.ARM.exidx.text.usart_block_length_config), (8 bytes).
    Removing gd32f3x0_usart.o(.text.usart_irda_mode_enable), (28 bytes).
    Removing gd32f3x0_usart.o(.ARM.exidx.text.usart_irda_mode_enable), (8 bytes).
    Removing gd32f3x0_usart.o(.text.usart_irda_mode_disable), (28 bytes).
    Removing gd32f3x0_usart.o(.ARM.exidx.text.usart_irda_mode_disable), (8 bytes).
    Removing gd32f3x0_usart.o(.text.usart_prescaler_config), (40 bytes).
    Removing gd32f3x0_usart.o(.ARM.exidx.text.usart_prescaler_config), (8 bytes).
    Removing gd32f3x0_usart.o(.text.usart_irda_lowpower_config), (44 bytes).
    Removing gd32f3x0_usart.o(.ARM.exidx.text.usart_irda_lowpower_config), (8 bytes).
    Removing gd32f3x0_usart.o(.text.usart_hardware_flow_rts_config), (40 bytes).
    Removing gd32f3x0_usart.o(.ARM.exidx.text.usart_hardware_flow_rts_config), (8 bytes).
    Removing gd32f3x0_usart.o(.text.usart_hardware_flow_cts_config), (40 bytes).
    Removing gd32f3x0_usart.o(.ARM.exidx.text.usart_hardware_flow_cts_config), (8 bytes).
    Removing gd32f3x0_usart.o(.text.usart_rs485_driver_enable), (28 bytes).
    Removing gd32f3x0_usart.o(.ARM.exidx.text.usart_rs485_driver_enable), (8 bytes).
    Removing gd32f3x0_usart.o(.text.usart_rs485_driver_disable), (28 bytes).
    Removing gd32f3x0_usart.o(.ARM.exidx.text.usart_rs485_driver_disable), (8 bytes).
    Removing gd32f3x0_usart.o(.text.usart_driver_assertime_config), (46 bytes).
    Removing gd32f3x0_usart.o(.ARM.exidx.text.usart_driver_assertime_config), (8 bytes).
    Removing gd32f3x0_usart.o(.text.usart_driver_deassertime_config), (46 bytes).
    Removing gd32f3x0_usart.o(.ARM.exidx.text.usart_driver_deassertime_config), (8 bytes).
    Removing gd32f3x0_usart.o(.text.usart_depolarity_config), (44 bytes).
    Removing gd32f3x0_usart.o(.ARM.exidx.text.usart_depolarity_config), (8 bytes).
    Removing gd32f3x0_usart.o(.text.usart_dma_receive_config), (30 bytes).
    Removing gd32f3x0_usart.o(.ARM.exidx.text.usart_dma_receive_config), (8 bytes).
    Removing gd32f3x0_usart.o(.text.usart_dma_transmit_config), (30 bytes).
    Removing gd32f3x0_usart.o(.ARM.exidx.text.usart_dma_transmit_config), (8 bytes).
    Removing gd32f3x0_usart.o(.text.usart_reception_error_dma_disable), (28 bytes).
    Removing gd32f3x0_usart.o(.ARM.exidx.text.usart_reception_error_dma_disable), (8 bytes).
    Removing gd32f3x0_usart.o(.text.usart_reception_error_dma_enable), (28 bytes).
    Removing gd32f3x0_usart.o(.ARM.exidx.text.usart_reception_error_dma_enable), (8 bytes).
    Removing gd32f3x0_usart.o(.text.usart_wakeup_enable), (18 bytes).
    Removing gd32f3x0_usart.o(.ARM.exidx.text.usart_wakeup_enable), (8 bytes).
    Removing gd32f3x0_usart.o(.text.usart_wakeup_disable), (18 bytes).
    Removing gd32f3x0_usart.o(.ARM.exidx.text.usart_wakeup_disable), (8 bytes).
    Removing gd32f3x0_usart.o(.text.usart_wakeup_mode_config), (44 bytes).
    Removing gd32f3x0_usart.o(.ARM.exidx.text.usart_wakeup_mode_config), (8 bytes).
    Removing gd32f3x0_usart.o(.text.usart_command_enable), (20 bytes).
    Removing gd32f3x0_usart.o(.ARM.exidx.text.usart_command_enable), (8 bytes).
    Removing gd32f3x0_usart.o(.text.usart_receive_fifo_enable), (22 bytes).
    Removing gd32f3x0_usart.o(.ARM.exidx.text.usart_receive_fifo_enable), (8 bytes).
    Removing gd32f3x0_usart.o(.text.usart_receive_fifo_disable), (22 bytes).
    Removing gd32f3x0_usart.o(.ARM.exidx.text.usart_receive_fifo_disable), (8 bytes).
    Removing gd32f3x0_usart.o(.text.usart_receive_fifo_counter_number), (18 bytes).
    Removing gd32f3x0_usart.o(.ARM.exidx.text.usart_receive_fifo_counter_number), (8 bytes).
    Removing gd32f3x0_usart.o(.text.usart_flag_get), (58 bytes).
    Removing gd32f3x0_usart.o(.ARM.exidx.text.usart_flag_get), (8 bytes).
    Removing gd32f3x0_usart.o(.text.usart_flag_clear), (34 bytes).
    Removing gd32f3x0_usart.o(.ARM.exidx.text.usart_flag_clear), (8 bytes).
    Removing gd32f3x0_usart.o(.text.usart_interrupt_enable), (36 bytes).
    Removing gd32f3x0_usart.o(.ARM.exidx.text.usart_interrupt_enable), (8 bytes).
    Removing gd32f3x0_usart.o(.text.usart_interrupt_disable), (36 bytes).
    Removing gd32f3x0_usart.o(.ARM.exidx.text.usart_interrupt_disable), (8 bytes).
    Removing gd32f3x0_usart.o(.text.usart_interrupt_flag_get), (94 bytes).
    Removing gd32f3x0_usart.o(.ARM.exidx.text.usart_interrupt_flag_get), (8 bytes).
    Removing gd32f3x0_usart.o(.text.usart_interrupt_flag_clear), (64 bytes).
    Removing gd32f3x0_usart.o(.ARM.exidx.text.usart_interrupt_flag_clear), (8 bytes).
    Removing gd32f3x0_wwdgt.o(.text), (0 bytes).
    Removing gd32f3x0_wwdgt.o(.text.wwdgt_deinit), (24 bytes).
    Removing gd32f3x0_wwdgt.o(.ARM.exidx.text.wwdgt_deinit), (8 bytes).
    Removing gd32f3x0_wwdgt.o(.text.wwdgt_enable), (18 bytes).
    Removing gd32f3x0_wwdgt.o(.ARM.exidx.text.wwdgt_enable), (8 bytes).
    Removing gd32f3x0_wwdgt.o(.text.wwdgt_counter_update), (28 bytes).
    Removing gd32f3x0_wwdgt.o(.ARM.exidx.text.wwdgt_counter_update), (8 bytes).
    Removing gd32f3x0_wwdgt.o(.text.wwdgt_config), (56 bytes).
    Removing gd32f3x0_wwdgt.o(.ARM.exidx.text.wwdgt_config), (8 bytes).
    Removing gd32f3x0_wwdgt.o(.text.wwdgt_interrupt_enable), (18 bytes).
    Removing gd32f3x0_wwdgt.o(.ARM.exidx.text.wwdgt_interrupt_enable), (8 bytes).
    Removing gd32f3x0_wwdgt.o(.text.wwdgt_flag_get), (42 bytes).
    Removing gd32f3x0_wwdgt.o(.ARM.exidx.text.wwdgt_flag_get), (8 bytes).
    Removing gd32f3x0_wwdgt.o(.text.wwdgt_flag_clear), (14 bytes).
    Removing gd32f3x0_wwdgt.o(.ARM.exidx.text.wwdgt_flag_clear), (8 bytes).
    Removing system_gd32f3x0.o(.text), (0 bytes).
    Removing system_gd32f3x0.o(.ARM.exidx.text.SystemInit), (8 bytes).
    Removing system_gd32f3x0.o(.ARM.exidx.text.system_clock_config), (8 bytes).
    Removing system_gd32f3x0.o(.text.SystemCoreClockUpdate), (452 bytes).
    Removing system_gd32f3x0.o(.ARM.exidx.text.SystemCoreClockUpdate), (8 bytes).
    Removing system_gd32f3x0.o(.ARM.exidx.text.system_clock_84m_hxtal), (8 bytes).
    Removing system_gd32f3x0.o(.data.SystemCoreClock), (4 bytes).
    Removing system_gd32f3x0.o(.rodata.cst16), (16 bytes).

1125 unused section(s) (total 38278 bytes) removed from the image.

==============================================================================

Image Symbol Table

    Local Symbols

    Symbol Name                              Value     Ov Type        Size  Object(Section)

    ../clib/angel/boardlib.s                 0x00000000   Number         0  boardinit1.o ABSOLUTE
    ../clib/angel/boardlib.s                 0x00000000   Number         0  boardinit2.o ABSOLUTE
    ../clib/angel/boardlib.s                 0x00000000   Number         0  boardinit3.o ABSOLUTE
    ../clib/angel/boardlib.s                 0x00000000   Number         0  boardshut.o ABSOLUTE
    ../clib/angel/handlers.s                 0x00000000   Number         0  __scatter_zi.o ABSOLUTE
    ../clib/angel/kernel.s                   0x00000000   Number         0  __rtentry.o ABSOLUTE
    ../clib/angel/kernel.s                   0x00000000   Number         0  __rtentry2.o ABSOLUTE
    ../clib/angel/kernel.s                   0x00000000   Number         0  __rtentry4.o ABSOLUTE
    ../clib/angel/kernel.s                   0x00000000   Number         0  rtexit.o ABSOLUTE
    ../clib/angel/kernel.s                   0x00000000   Number         0  rtexit2.o ABSOLUTE
    ../clib/angel/rt.s                       0x00000000   Number         0  rt_raise.o ABSOLUTE
    ../clib/angel/scatter.s                  0x00000000   Number         0  __scatter.o ABSOLUTE
    ../clib/angel/startup.s                  0x00000000   Number         0  __main.o ABSOLUTE
    ../clib/angel/sys.s                      0x00000000   Number         0  sys_stackheap_outer.o ABSOLUTE
    ../clib/angel/sys.s                      0x00000000   Number         0  libspace.o ABSOLUTE
    ../clib/angel/sys.s                      0x00000000   Number         0  use_no_semi.o ABSOLUTE
    ../clib/angel/sys.s                      0x00000000   Number         0  indicate_semi.o ABSOLUTE
    ../clib/angel/sysapp.c                   0x00000000   Number         0  sys_exit.o ABSOLUTE
    ../clib/angel/sysapp.c                   0x00000000   Number         0  sys_exit_hlt.o ABSOLUTE
    ../clib/angel/sysapp.c                   0x00000000   Number         0  sys_command.o ABSOLUTE
    ../clib/angel/sysapp.c                   0x00000000   Number         0  sys_command_hlt.o ABSOLUTE
    ../clib/angel/sysapp.c                   0x00000000   Number         0  sys_wrch.o ABSOLUTE
    ../clib/angel/sysapp.c                   0x00000000   Number         0  sys_wrch_hlt.o ABSOLUTE
    ../clib/armsys.c                         0x00000000   Number         0  argv_veneer.o ABSOLUTE
    ../clib/armsys.c                         0x00000000   Number         0  argv_veneer.o ABSOLUTE
    ../clib/armsys.c                         0x00000000   Number         0  _get_argv_nomalloc.o ABSOLUTE
    ../clib/armsys.c                         0x00000000   Number         0  no_argv.o ABSOLUTE
    ../clib/heapalloc.c                      0x00000000   Number         0  hrguard.o ABSOLUTE
    ../clib/heapaux.c                        0x00000000   Number         0  heapauxi.o ABSOLUTE
    ../clib/libinit.s                        0x00000000   Number         0  libinit.o ABSOLUTE
    ../clib/libinit.s                        0x00000000   Number         0  libinit2.o ABSOLUTE
    ../clib/libinit.s                        0x00000000   Number         0  libshutdown.o ABSOLUTE
    ../clib/libinit.s                        0x00000000   Number         0  libshutdown2.o ABSOLUTE
    ../clib/signal.c                         0x00000000   Number         0  defsig_rtmem_outer.o ABSOLUTE
    ../clib/signal.c                         0x00000000   Number         0  defsig_rtmem_formal.o ABSOLUTE
    ../clib/signal.c                         0x00000000   Number         0  defsig_exit.o ABSOLUTE
    ../clib/signal.c                         0x00000000   Number         0  defsig_rtmem_inner.o ABSOLUTE
    ../clib/signal.c                         0x00000000   Number         0  __raise.o ABSOLUTE
    ../clib/signal.c                         0x00000000   Number         0  defsig_general.o ABSOLUTE
    ../clib/signal.c                         0x00000000   Number         0  defsig_abrt_inner.o ABSOLUTE
    ../clib/signal.c                         0x00000000   Number         0  defsig_fpe_inner.o ABSOLUTE
    ../clib/signal.c                         0x00000000   Number         0  defsig_rtred_inner.o ABSOLUTE
    ../clib/signal.c                         0x00000000   Number         0  defsig_stak_inner.o ABSOLUTE
    ../clib/signal.c                         0x00000000   Number         0  defsig_pvfn_inner.o ABSOLUTE
    ../clib/signal.c                         0x00000000   Number         0  defsig_cppl_inner.o ABSOLUTE
    ../clib/signal.c                         0x00000000   Number         0  defsig_segv_inner.o ABSOLUTE
    ../clib/signal.c                         0x00000000   Number         0  defsig_other.o ABSOLUTE
    ../clib/signal.s                         0x00000000   Number         0  defsig.o ABSOLUTE
    ../clib/stdlib.c                         0x00000000   Number         0  exit.o ABSOLUTE
    ../fplib/fpinit.s                        0x00000000   Number         0  fpinit.o ABSOLUTE
    RTE/Device/GD32F330K8/startup_gd32f3x0.s 0x00000000   Number         0  startup_gd32f3x0.o ABSOLUTE
    dc.s                                     0x00000000   Number         0  dc.o ABSOLUTE
    gd32f3x0_adc.c                           0x00000000   Number         0  gd32f3x0_adc.o ABSOLUTE
    gd32f3x0_cec.c                           0x00000000   Number         0  gd32f3x0_cec.o ABSOLUTE
    gd32f3x0_cmp.c                           0x00000000   Number         0  gd32f3x0_cmp.o ABSOLUTE
    gd32f3x0_crc.c                           0x00000000   Number         0  gd32f3x0_crc.o ABSOLUTE
    gd32f3x0_ctc.c                           0x00000000   Number         0  gd32f3x0_ctc.o ABSOLUTE
    gd32f3x0_dac.c                           0x00000000   Number         0  gd32f3x0_dac.o ABSOLUTE
    gd32f3x0_dbg.c                           0x00000000   Number         0  gd32f3x0_dbg.o ABSOLUTE
    gd32f3x0_dma.c                           0x00000000   Number         0  gd32f3x0_dma.o ABSOLUTE
    gd32f3x0_exti.c                          0x00000000   Number         0  gd32f3x0_exti.o ABSOLUTE
    gd32f3x0_fmc.c                           0x00000000   Number         0  gd32f3x0_fmc.o ABSOLUTE
    gd32f3x0_fwdgt.c                         0x00000000   Number         0  gd32f3x0_fwdgt.o ABSOLUTE
    gd32f3x0_gpio.c                          0x00000000   Number         0  gd32f3x0_gpio.o ABSOLUTE
    gd32f3x0_i2c.c                           0x00000000   Number         0  gd32f3x0_i2c.o ABSOLUTE
    gd32f3x0_misc.c                          0x00000000   Number         0  gd32f3x0_misc.o ABSOLUTE
    gd32f3x0_pmu.c                           0x00000000   Number         0  gd32f3x0_pmu.o ABSOLUTE
    gd32f3x0_rcu.c                           0x00000000   Number         0  gd32f3x0_rcu.o ABSOLUTE
    gd32f3x0_rtc.c                           0x00000000   Number         0  gd32f3x0_rtc.o ABSOLUTE
    gd32f3x0_spi.c                           0x00000000   Number         0  gd32f3x0_spi.o ABSOLUTE
    gd32f3x0_syscfg.c                        0x00000000   Number         0  gd32f3x0_syscfg.o ABSOLUTE
    gd32f3x0_timer.c                         0x00000000   Number         0  gd32f3x0_timer.o ABSOLUTE
    gd32f3x0_tsi.c                           0x00000000   Number         0  gd32f3x0_tsi.o ABSOLUTE
    gd32f3x0_usart.c                         0x00000000   Number         0  gd32f3x0_usart.o ABSOLUTE
    gd32f3x0_wwdgt.c                         0x00000000   Number         0  gd32f3x0_wwdgt.o ABSOLUTE
    main.c                                   0x00000000   Number         0  main.o ABSOLUTE
    system_gd32f3x0.c                        0x00000000   Number         0  system_gd32f3x0.o ABSOLUTE
    RESET                                    0x08000000   Section      336  startup_gd32f3x0.o(RESET)
    !!!main                                  0x08000150   Section        8  __main.o(!!!main)
    !!!scatter                               0x08000158   Section       52  __scatter.o(!!!scatter)
    !!handler_zi                             0x0800018c   Section       28  __scatter_zi.o(!!handler_zi)
    .ARM.Collect$$libinit$$00000000          0x080001a8   Section        2  libinit.o(.ARM.Collect$$libinit$$00000000)
    .ARM.Collect$$libinit$$00000001          0x080001aa   Section        4  libinit2.o(.ARM.Collect$$libinit$$00000001)
    .ARM.Collect$$libinit$$00000004          0x080001ae   Section        0  libinit2.o(.ARM.Collect$$libinit$$00000004)
    .ARM.Collect$$libinit$$00000006          0x080001ae   Section        0  libinit2.o(.ARM.Collect$$libinit$$00000006)
    .ARM.Collect$$libinit$$0000000C          0x080001ae   Section        0  libinit2.o(.ARM.Collect$$libinit$$0000000C)
    .ARM.Collect$$libinit$$0000000E          0x080001ae   Section        0  libinit2.o(.ARM.Collect$$libinit$$0000000E)
    .ARM.Collect$$libinit$$00000010          0x080001ae   Section        0  libinit2.o(.ARM.Collect$$libinit$$00000010)
    .ARM.Collect$$libinit$$00000013          0x080001ae   Section        0  libinit2.o(.ARM.Collect$$libinit$$00000013)
    .ARM.Collect$$libinit$$00000015          0x080001ae   Section        0  libinit2.o(.ARM.Collect$$libinit$$00000015)
    .ARM.Collect$$libinit$$00000017          0x080001ae   Section        0  libinit2.o(.ARM.Collect$$libinit$$00000017)
    .ARM.Collect$$libinit$$00000019          0x080001ae   Section        0  libinit2.o(.ARM.Collect$$libinit$$00000019)
    .ARM.Collect$$libinit$$0000001B          0x080001ae   Section        0  libinit2.o(.ARM.Collect$$libinit$$0000001B)
    .ARM.Collect$$libinit$$0000001D          0x080001ae   Section        0  libinit2.o(.ARM.Collect$$libinit$$0000001D)
    .ARM.Collect$$libinit$$0000001F          0x080001ae   Section        0  libinit2.o(.ARM.Collect$$libinit$$0000001F)
    .ARM.Collect$$libinit$$00000021          0x080001ae   Section        0  libinit2.o(.ARM.Collect$$libinit$$00000021)
    .ARM.Collect$$libinit$$00000023          0x080001ae   Section        0  libinit2.o(.ARM.Collect$$libinit$$00000023)
    .ARM.Collect$$libinit$$00000025          0x080001ae   Section        0  libinit2.o(.ARM.Collect$$libinit$$00000025)
    .ARM.Collect$$libinit$$00000027          0x080001ae   Section        0  libinit2.o(.ARM.Collect$$libinit$$00000027)
    .ARM.Collect$$libinit$$0000002E          0x080001ae   Section        0  libinit2.o(.ARM.Collect$$libinit$$0000002E)
    .ARM.Collect$$libinit$$00000030          0x080001ae   Section        0  libinit2.o(.ARM.Collect$$libinit$$00000030)
    .ARM.Collect$$libinit$$00000032          0x080001ae   Section        0  libinit2.o(.ARM.Collect$$libinit$$00000032)
    .ARM.Collect$$libinit$$00000034          0x080001ae   Section        0  libinit2.o(.ARM.Collect$$libinit$$00000034)
    .ARM.Collect$$libinit$$00000035          0x080001ae   Section        2  libinit2.o(.ARM.Collect$$libinit$$00000035)
    .ARM.Collect$$libshutdown$$00000000      0x080001b0   Section        2  libshutdown.o(.ARM.Collect$$libshutdown$$00000000)
    .ARM.Collect$$libshutdown$$00000002      0x080001b2   Section        0  libshutdown2.o(.ARM.Collect$$libshutdown$$00000002)
    .ARM.Collect$$libshutdown$$00000004      0x080001b2   Section        0  libshutdown2.o(.ARM.Collect$$libshutdown$$00000004)
    .ARM.Collect$$libshutdown$$00000007      0x080001b2   Section        0  libshutdown2.o(.ARM.Collect$$libshutdown$$00000007)
    .ARM.Collect$$libshutdown$$0000000A      0x080001b2   Section        0  libshutdown2.o(.ARM.Collect$$libshutdown$$0000000A)
    .ARM.Collect$$libshutdown$$0000000C      0x080001b2   Section        0  libshutdown2.o(.ARM.Collect$$libshutdown$$0000000C)
    .ARM.Collect$$libshutdown$$0000000F      0x080001b2   Section        0  libshutdown2.o(.ARM.Collect$$libshutdown$$0000000F)
    .ARM.Collect$$libshutdown$$00000010      0x080001b2   Section        2  libshutdown2.o(.ARM.Collect$$libshutdown$$00000010)
    .ARM.Collect$$rtentry$$00000000          0x080001b4   Section        0  __rtentry.o(.ARM.Collect$$rtentry$$00000000)
    .ARM.Collect$$rtentry$$00000002          0x080001b4   Section        0  __rtentry2.o(.ARM.Collect$$rtentry$$00000002)
    .ARM.Collect$$rtentry$$00000004          0x080001b4   Section        6  __rtentry4.o(.ARM.Collect$$rtentry$$00000004)
    .ARM.Collect$$rtentry$$00000009          0x080001ba   Section        0  __rtentry2.o(.ARM.Collect$$rtentry$$00000009)
    .ARM.Collect$$rtentry$$0000000A          0x080001ba   Section        4  __rtentry2.o(.ARM.Collect$$rtentry$$0000000A)
    .ARM.Collect$$rtentry$$0000000C          0x080001be   Section        0  __rtentry2.o(.ARM.Collect$$rtentry$$0000000C)
    .ARM.Collect$$rtentry$$0000000D          0x080001be   Section        8  __rtentry2.o(.ARM.Collect$$rtentry$$0000000D)
    .ARM.Collect$$rtexit$$00000000           0x080001c6   Section        2  rtexit.o(.ARM.Collect$$rtexit$$00000000)
    .ARM.Collect$$rtexit$$00000002           0x080001c8   Section        0  rtexit2.o(.ARM.Collect$$rtexit$$00000002)
    .ARM.Collect$$rtexit$$00000003           0x080001c8   Section        4  rtexit2.o(.ARM.Collect$$rtexit$$00000003)
    .ARM.Collect$$rtexit$$00000004           0x080001cc   Section        6  rtexit2.o(.ARM.Collect$$rtexit$$00000004)
    $v0                                      0x080001d4   Number         0  startup_gd32f3x0.o(.text)
    .text                                    0x080001d4   Section       64  startup_gd32f3x0.o(.text)
    .text                                    0x08000214   Section        0  heapauxi.o(.text)
    .text                                    0x0800021a   Section       74  sys_stackheap_outer.o(.text)
    .text                                    0x08000264   Section        0  exit.o(.text)
    .text                                    0x08000278   Section        8  libspace.o(.text)
    .text                                    0x08000280   Section        0  sys_exit.o(.text)
    .text                                    0x0800028c   Section        2  use_no_semi.o(.text)
    .text                                    0x0800028e   Section        0  indicate_semi.o(.text)
    [Anonymous Symbol]                       0x08000290   Section        0  system_gd32f3x0.o(.text.SystemInit)
    [Anonymous Symbol]                       0x080004fc   Section        0  gd32f3x0_gpio.o(.text.gpio_bit_reset)
    [Anonymous Symbol]                       0x0800050c   Section        0  gd32f3x0_gpio.o(.text.gpio_bit_set)
    [Anonymous Symbol]                       0x0800051c   Section        0  gd32f3x0_gpio.o(.text.gpio_mode_set)
    [Anonymous Symbol]                       0x080005b8   Section        0  gd32f3x0_gpio.o(.text.gpio_output_options_set)
    [Anonymous Symbol]                       0x080006c0   Section        0  main.o(.text.main)
    [Anonymous Symbol]                       0x08000750   Section        0  gd32f3x0_misc.o(.text.nvic_vector_table_set)
    [Anonymous Symbol]                       0x08000778   Section        0  gd32f3x0_rcu.o(.text.rcu_periph_clock_enable)
    system_clock_84m_hxtal                   0x080007a1   Thumb Code   282  system_gd32f3x0.o(.text.system_clock_84m_hxtal)
    [Anonymous Symbol]                       0x080007a0   Section        0  system_gd32f3x0.o(.text.system_clock_84m_hxtal)
    system_clock_config                      0x080008bd   Thumb Code     8  system_gd32f3x0.o(.text.system_clock_config)
    [Anonymous Symbol]                       0x080008bc   Section        0  system_gd32f3x0.o(.text.system_clock_config)
    $v0                                      0x080008c4   Number         0  fpinit.o(x$fpl$fpinit)
    x$fpl$fpinit                             0x080008c4   Section       26  fpinit.o(x$fpl$fpinit)
    .bss                                     0x20000000   Section       96  libspace.o(.bss)
    Heap_Mem                                 0x20000060   Data        1024  startup_gd32f3x0.o(HEAP)
    HEAP                                     0x20000060   Section     1024  startup_gd32f3x0.o(HEAP)
    Stack_Mem                                0x20000460   Data        1024  startup_gd32f3x0.o(STACK)
    STACK                                    0x20000460   Section     1024  startup_gd32f3x0.o(STACK)
    __initial_sp                             0x20000860   Data           0  startup_gd32f3x0.o(STACK)

    Global Symbols

    Symbol Name                              Value     Ov Type        Size  Object(Section)

    BuildAttributes$$THM_ISAv4$E$P$D$K$B$S$7EM$VFPi3$EXTD16$VFPS$VFMA$PE$A:L22UL41UL21$X:L11$S22US41US21$IEEE1$IW$~IW$USESV6$~STKCKD$USESV7$~SHL$OSPACE$ROPI$EBA8$UX$STANDARDLIB$REQ8$PRES8$EABIv2 0x00000000   Number         0  anon$$obj.o ABSOLUTE
    __ARM_exceptions_init                     - Undefined Weak Reference
    __alloca_initialize                       - Undefined Weak Reference
    __arm_preinit_                            - Undefined Weak Reference
    __arm_relocate_pie_                       - Undefined Weak Reference
    __cpp_initialize__aeabi_                  - Undefined Weak Reference
    __cxa_finalize                            - Undefined Weak Reference
    __rt_locale                               - Undefined Weak Reference
    __sigvec_lookup                           - Undefined Weak Reference
    _atexit_init                              - Undefined Weak Reference
    _call_atexit_fns                          - Undefined Weak Reference
    _clock_init                               - Undefined Weak Reference
    _fp_trap_init                             - Undefined Weak Reference
    _fp_trap_shutdown                         - Undefined Weak Reference
    _get_lc_collate                           - Undefined Weak Reference
    _get_lc_ctype                             - Undefined Weak Reference
    _get_lc_monetary                          - Undefined Weak Reference
    _get_lc_numeric                           - Undefined Weak Reference
    _get_lc_time                              - Undefined Weak Reference
    _getenv_init                              - Undefined Weak Reference
    _handle_redirection                       - Undefined Weak Reference
    _init_alloc                               - Undefined Weak Reference
    _init_user_alloc                          - Undefined Weak Reference
    _initio                                   - Undefined Weak Reference
    _rand_init                                - Undefined Weak Reference
    _signal_finish                            - Undefined Weak Reference
    _signal_init                              - Undefined Weak Reference
    _terminate_alloc                          - Undefined Weak Reference
    _terminate_user_alloc                     - Undefined Weak Reference
    _terminateio                              - Undefined Weak Reference
    __Vectors_Size                           0x00000150   Number         0  startup_gd32f3x0.o ABSOLUTE
    __Vectors                                0x08000000   Data           4  startup_gd32f3x0.o(RESET)
    __Vectors_End                            0x08000150   Data           0  startup_gd32f3x0.o(RESET)
    __main                                   0x08000151   Thumb Code     8  __main.o(!!!main)
    __scatterload                            0x08000159   Thumb Code     0  __scatter.o(!!!scatter)
    __scatterload_rt2                        0x08000159   Thumb Code    44  __scatter.o(!!!scatter)
    __scatterload_rt2_thumb_only             0x08000159   Thumb Code     0  __scatter.o(!!!scatter)
    __scatterload_null                       0x08000167   Thumb Code     0  __scatter.o(!!!scatter)
    __scatterload_zeroinit                   0x0800018d   Thumb Code    28  __scatter_zi.o(!!handler_zi)
    __rt_lib_init                            0x080001a9   Thumb Code     0  libinit.o(.ARM.Collect$$libinit$$00000000)
    __rt_lib_init_fp_1                       0x080001ab   Thumb Code     0  libinit2.o(.ARM.Collect$$libinit$$00000001)
    __rt_lib_init_alloca_1                   0x080001af   Thumb Code     0  libinit2.o(.ARM.Collect$$libinit$$00000030)
    __rt_lib_init_argv_1                     0x080001af   Thumb Code     0  libinit2.o(.ARM.Collect$$libinit$$0000002E)
    __rt_lib_init_atexit_1                   0x080001af   Thumb Code     0  libinit2.o(.ARM.Collect$$libinit$$0000001D)
    __rt_lib_init_clock_1                    0x080001af   Thumb Code     0  libinit2.o(.ARM.Collect$$libinit$$00000023)
    __rt_lib_init_cpp_1                      0x080001af   Thumb Code     0  libinit2.o(.ARM.Collect$$libinit$$00000034)
    __rt_lib_init_exceptions_1               0x080001af   Thumb Code     0  libinit2.o(.ARM.Collect$$libinit$$00000032)
    __rt_lib_init_fp_trap_1                  0x080001af   Thumb Code     0  libinit2.o(.ARM.Collect$$libinit$$00000021)
    __rt_lib_init_getenv_1                   0x080001af   Thumb Code     0  libinit2.o(.ARM.Collect$$libinit$$00000025)
    __rt_lib_init_heap_1                     0x080001af   Thumb Code     0  libinit2.o(.ARM.Collect$$libinit$$0000000C)
    __rt_lib_init_lc_collate_1               0x080001af   Thumb Code     0  libinit2.o(.ARM.Collect$$libinit$$00000013)
    __rt_lib_init_lc_ctype_1                 0x080001af   Thumb Code     0  libinit2.o(.ARM.Collect$$libinit$$00000015)
    __rt_lib_init_lc_monetary_1              0x080001af   Thumb Code     0  libinit2.o(.ARM.Collect$$libinit$$00000017)
    __rt_lib_init_lc_numeric_1               0x080001af   Thumb Code     0  libinit2.o(.ARM.Collect$$libinit$$00000019)
    __rt_lib_init_lc_time_1                  0x080001af   Thumb Code     0  libinit2.o(.ARM.Collect$$libinit$$0000001B)
    __rt_lib_init_preinit_1                  0x080001af   Thumb Code     0  libinit2.o(.ARM.Collect$$libinit$$00000006)
    __rt_lib_init_rand_1                     0x080001af   Thumb Code     0  libinit2.o(.ARM.Collect$$libinit$$00000010)
    __rt_lib_init_relocate_pie_1             0x080001af   Thumb Code     0  libinit2.o(.ARM.Collect$$libinit$$00000004)
    __rt_lib_init_return                     0x080001af   Thumb Code     0  libinit2.o(.ARM.Collect$$libinit$$00000035)
    __rt_lib_init_signal_1                   0x080001af   Thumb Code     0  libinit2.o(.ARM.Collect$$libinit$$0000001F)
    __rt_lib_init_stdio_1                    0x080001af   Thumb Code     0  libinit2.o(.ARM.Collect$$libinit$$00000027)
    __rt_lib_init_user_alloc_1               0x080001af   Thumb Code     0  libinit2.o(.ARM.Collect$$libinit$$0000000E)
    __rt_lib_shutdown                        0x080001b1   Thumb Code     0  libshutdown.o(.ARM.Collect$$libshutdown$$00000000)
    __rt_lib_shutdown_cpp_1                  0x080001b3   Thumb Code     0  libshutdown2.o(.ARM.Collect$$libshutdown$$00000002)
    __rt_lib_shutdown_fp_trap_1              0x080001b3   Thumb Code     0  libshutdown2.o(.ARM.Collect$$libshutdown$$00000007)
    __rt_lib_shutdown_heap_1                 0x080001b3   Thumb Code     0  libshutdown2.o(.ARM.Collect$$libshutdown$$0000000F)
    __rt_lib_shutdown_return                 0x080001b3   Thumb Code     0  libshutdown2.o(.ARM.Collect$$libshutdown$$00000010)
    __rt_lib_shutdown_signal_1               0x080001b3   Thumb Code     0  libshutdown2.o(.ARM.Collect$$libshutdown$$0000000A)
    __rt_lib_shutdown_stdio_1                0x080001b3   Thumb Code     0  libshutdown2.o(.ARM.Collect$$libshutdown$$00000004)
    __rt_lib_shutdown_user_alloc_1           0x080001b3   Thumb Code     0  libshutdown2.o(.ARM.Collect$$libshutdown$$0000000C)
    __rt_entry                               0x080001b5   Thumb Code     0  __rtentry.o(.ARM.Collect$$rtentry$$00000000)
    __rt_entry_presh_1                       0x080001b5   Thumb Code     0  __rtentry2.o(.ARM.Collect$$rtentry$$00000002)
    __rt_entry_sh                            0x080001b5   Thumb Code     0  __rtentry4.o(.ARM.Collect$$rtentry$$00000004)
    __rt_entry_li                            0x080001bb   Thumb Code     0  __rtentry2.o(.ARM.Collect$$rtentry$$0000000A)
    __rt_entry_postsh_1                      0x080001bb   Thumb Code     0  __rtentry2.o(.ARM.Collect$$rtentry$$00000009)
    __rt_entry_main                          0x080001bf   Thumb Code     0  __rtentry2.o(.ARM.Collect$$rtentry$$0000000D)
    __rt_entry_postli_1                      0x080001bf   Thumb Code     0  __rtentry2.o(.ARM.Collect$$rtentry$$0000000C)
    __rt_exit                                0x080001c7   Thumb Code     0  rtexit.o(.ARM.Collect$$rtexit$$00000000)
    __rt_exit_ls                             0x080001c9   Thumb Code     0  rtexit2.o(.ARM.Collect$$rtexit$$00000003)
    __rt_exit_prels_1                        0x080001c9   Thumb Code     0  rtexit2.o(.ARM.Collect$$rtexit$$00000002)
    __rt_exit_exit                           0x080001cd   Thumb Code     0  rtexit2.o(.ARM.Collect$$rtexit$$00000004)
    Reset_Handler                            0x080001d5   Thumb Code     8  startup_gd32f3x0.o(.text)
    NMI_Handler                              0x080001dd   Thumb Code     2  startup_gd32f3x0.o(.text)
    HardFault_Handler                        0x080001df   Thumb Code     2  startup_gd32f3x0.o(.text)
    MemManage_Handler                        0x080001e1   Thumb Code     2  startup_gd32f3x0.o(.text)
    BusFault_Handler                         0x080001e3   Thumb Code     2  startup_gd32f3x0.o(.text)
    UsageFault_Handler                       0x080001e5   Thumb Code     2  startup_gd32f3x0.o(.text)
    SVC_Handler                              0x080001e7   Thumb Code     2  startup_gd32f3x0.o(.text)
    DebugMon_Handler                         0x080001e9   Thumb Code     2  startup_gd32f3x0.o(.text)
    PendSV_Handler                           0x080001eb   Thumb Code     2  startup_gd32f3x0.o(.text)
    SysTick_Handler                          0x080001ed   Thumb Code     2  startup_gd32f3x0.o(.text)
    ADC_CMP_IRQHandler                       0x080001ef   Thumb Code     0  startup_gd32f3x0.o(.text)
    CEC_IRQHandler                           0x080001ef   Thumb Code     0  startup_gd32f3x0.o(.text)
    DMA_Channel0_IRQHandler                  0x080001ef   Thumb Code     0  startup_gd32f3x0.o(.text)
    DMA_Channel1_2_IRQHandler                0x080001ef   Thumb Code     0  startup_gd32f3x0.o(.text)
    DMA_Channel3_4_IRQHandler                0x080001ef   Thumb Code     0  startup_gd32f3x0.o(.text)
    DMA_Channel5_6_IRQHandler                0x080001ef   Thumb Code     0  startup_gd32f3x0.o(.text)
    EXTI0_1_IRQHandler                       0x080001ef   Thumb Code     0  startup_gd32f3x0.o(.text)
    EXTI2_3_IRQHandler                       0x080001ef   Thumb Code     0  startup_gd32f3x0.o(.text)
    EXTI4_15_IRQHandler                      0x080001ef   Thumb Code     0  startup_gd32f3x0.o(.text)
    FMC_IRQHandler                           0x080001ef   Thumb Code     0  startup_gd32f3x0.o(.text)
    I2C0_ER_IRQHandler                       0x080001ef   Thumb Code     0  startup_gd32f3x0.o(.text)
    I2C0_EV_IRQHandler                       0x080001ef   Thumb Code     0  startup_gd32f3x0.o(.text)
    I2C1_ER_IRQHandler                       0x080001ef   Thumb Code     0  startup_gd32f3x0.o(.text)
    I2C1_EV_IRQHandler                       0x080001ef   Thumb Code     0  startup_gd32f3x0.o(.text)
    LVD_IRQHandler                           0x080001ef   Thumb Code     0  startup_gd32f3x0.o(.text)
    RCU_CTC_IRQHandler                       0x080001ef   Thumb Code     0  startup_gd32f3x0.o(.text)
    RTC_IRQHandler                           0x080001ef   Thumb Code     0  startup_gd32f3x0.o(.text)
    SPI0_IRQHandler                          0x080001ef   Thumb Code     0  startup_gd32f3x0.o(.text)
    SPI1_IRQHandler                          0x080001ef   Thumb Code     0  startup_gd32f3x0.o(.text)
    TIMER0_BRK_UP_TRG_COM_IRQHandler         0x080001ef   Thumb Code     0  startup_gd32f3x0.o(.text)
    TIMER0_Channel_IRQHandler                0x080001ef   Thumb Code     0  startup_gd32f3x0.o(.text)
    TIMER13_IRQHandler                       0x080001ef   Thumb Code     0  startup_gd32f3x0.o(.text)
    TIMER14_IRQHandler                       0x080001ef   Thumb Code     0  startup_gd32f3x0.o(.text)
    TIMER15_IRQHandler                       0x080001ef   Thumb Code     0  startup_gd32f3x0.o(.text)
    TIMER16_IRQHandler                       0x080001ef   Thumb Code     0  startup_gd32f3x0.o(.text)
    TIMER1_IRQHandler                        0x080001ef   Thumb Code     0  startup_gd32f3x0.o(.text)
    TIMER2_IRQHandler                        0x080001ef   Thumb Code     0  startup_gd32f3x0.o(.text)
    TIMER5_DAC_IRQHandler                    0x080001ef   Thumb Code     0  startup_gd32f3x0.o(.text)
    TSI_IRQHandler                           0x080001ef   Thumb Code     0  startup_gd32f3x0.o(.text)
    USART0_IRQHandler                        0x080001ef   Thumb Code     0  startup_gd32f3x0.o(.text)
    USART1_IRQHandler                        0x080001ef   Thumb Code     0  startup_gd32f3x0.o(.text)
    USBFS_IRQHandler                         0x080001ef   Thumb Code     0  startup_gd32f3x0.o(.text)
    USBFS_WKUP_IRQHandler                    0x080001ef   Thumb Code     0  startup_gd32f3x0.o(.text)
    WWDGT_IRQHandler                         0x080001ef   Thumb Code     0  startup_gd32f3x0.o(.text)
    __user_initial_stackheap                 0x080001f1   Thumb Code    10  startup_gd32f3x0.o(.text)
    __use_two_region_memory                  0x08000215   Thumb Code     2  heapauxi.o(.text)
    __rt_heap_escrow$2region                 0x08000217   Thumb Code     2  heapauxi.o(.text)
    __rt_heap_expand$2region                 0x08000219   Thumb Code     2  heapauxi.o(.text)
    __user_setup_stackheap                   0x0800021b   Thumb Code    74  sys_stackheap_outer.o(.text)
    exit                                     0x08000265   Thumb Code    18  exit.o(.text)
    __user_libspace                          0x08000279   Thumb Code     8  libspace.o(.text)
    __user_perproc_libspace                  0x08000279   Thumb Code     0  libspace.o(.text)
    __user_perthread_libspace                0x08000279   Thumb Code     0  libspace.o(.text)
    _sys_exit                                0x08000281   Thumb Code     8  sys_exit.o(.text)
    __I$use$semihosting                      0x0800028d   Thumb Code     0  use_no_semi.o(.text)
    __use_no_semihosting_swi                 0x0800028d   Thumb Code     2  use_no_semi.o(.text)
    __semihosting_library_function           0x0800028f   Thumb Code     0  indicate_semi.o(.text)
    SystemInit                               0x08000291   Thumb Code   620  system_gd32f3x0.o(.text.SystemInit)
    gpio_bit_reset                           0x080004fd   Thumb Code    16  gd32f3x0_gpio.o(.text.gpio_bit_reset)
    gpio_bit_set                             0x0800050d   Thumb Code    16  gd32f3x0_gpio.o(.text.gpio_bit_set)
    gpio_mode_set                            0x0800051d   Thumb Code   156  gd32f3x0_gpio.o(.text.gpio_mode_set)
    gpio_output_options_set                  0x080005b9   Thumb Code   262  gd32f3x0_gpio.o(.text.gpio_output_options_set)
    main                                     0x080006c1   Thumb Code   142  main.o(.text.main)
    nvic_vector_table_set                    0x08000751   Thumb Code    40  gd32f3x0_misc.o(.text.nvic_vector_table_set)
    rcu_periph_clock_enable                  0x08000779   Thumb Code    40  gd32f3x0_rcu.o(.text.rcu_periph_clock_enable)
    _fp_init                                 0x080008c5   Thumb Code    26  fpinit.o(x$fpl$fpinit)
    __fplib_config_fpu_vfp                   0x080008dd   Thumb Code     0  fpinit.o(x$fpl$fpinit)
    __fplib_config_pureend_doubles           0x080008dd   Thumb Code     0  fpinit.o(x$fpl$fpinit)
    Region$$Table$$Base                      0x080008e0   Number         0  anon$$obj.o(Region$$Table)
    Region$$Table$$Limit                     0x080008f0   Number         0  anon$$obj.o(Region$$Table)
    __libspace_start                         0x20000000   Data          96  libspace.o(.bss)
    __temporary_stack_top$libspace           0x20000060   Data           0  libspace.o(.bss)



==============================================================================

Memory Map of the image

  Image Entry point : 0x080001d5

  Load Region LR_1 (Base: 0x08000000, Size: 0x000008f0, Max: 0xffffffff, ABSOLUTE)

    Execution Region ER_RO (Exec base: 0x08000000, Load base: 0x08000000, Size: 0x000008f0, Max: 0xffffffff, ABSOLUTE)

    Exec Addr    Load Addr    Size         Type   Attr      Idx    E Section Name        Object

    0x08000000   0x08000000   0x00000150   Data   RO         1258    RESET               startup_gd32f3x0.o
    0x08000150   0x08000150   0x00000008   Code   RO         1286  * !!!main             c_w.l(__main.o)
    0x08000158   0x08000158   0x00000034   Code   RO         1451    !!!scatter          c_w.l(__scatter.o)
    0x0800018c   0x0800018c   0x0000001c   Code   RO         1453    !!handler_zi        c_w.l(__scatter_zi.o)
    0x080001a8   0x080001a8   0x00000002   Code   RO         1313    .ARM.Collect$$libinit$$00000000  c_w.l(libinit.o)
    0x080001aa   0x080001aa   0x00000004   Code   RO         1319    .ARM.Collect$$libinit$$00000001  c_w.l(libinit2.o)
    0x080001ae   0x080001ae   0x00000000   Code   RO         1322    .ARM.Collect$$libinit$$00000004  c_w.l(libinit2.o)
    0x080001ae   0x080001ae   0x00000000   Code   RO         1324    .ARM.Collect$$libinit$$00000006  c_w.l(libinit2.o)
    0x080001ae   0x080001ae   0x00000000   Code   RO         1327    .ARM.Collect$$libinit$$0000000C  c_w.l(libinit2.o)
    0x080001ae   0x080001ae   0x00000000   Code   RO         1329    .ARM.Collect$$libinit$$0000000E  c_w.l(libinit2.o)
    0x080001ae   0x080001ae   0x00000000   Code   RO         1331    .ARM.Collect$$libinit$$00000010  c_w.l(libinit2.o)
    0x080001ae   0x080001ae   0x00000000   Code   RO         1334    .ARM.Collect$$libinit$$00000013  c_w.l(libinit2.o)
    0x080001ae   0x080001ae   0x00000000   Code   RO         1336    .ARM.Collect$$libinit$$00000015  c_w.l(libinit2.o)
    0x080001ae   0x080001ae   0x00000000   Code   RO         1338    .ARM.Collect$$libinit$$00000017  c_w.l(libinit2.o)
    0x080001ae   0x080001ae   0x00000000   Code   RO         1340    .ARM.Collect$$libinit$$00000019  c_w.l(libinit2.o)
    0x080001ae   0x080001ae   0x00000000   Code   RO         1342    .ARM.Collect$$libinit$$0000001B  c_w.l(libinit2.o)
    0x080001ae   0x080001ae   0x00000000   Code   RO         1344    .ARM.Collect$$libinit$$0000001D  c_w.l(libinit2.o)
    0x080001ae   0x080001ae   0x00000000   Code   RO         1346    .ARM.Collect$$libinit$$0000001F  c_w.l(libinit2.o)
    0x080001ae   0x080001ae   0x00000000   Code   RO         1348    .ARM.Collect$$libinit$$00000021  c_w.l(libinit2.o)
    0x080001ae   0x080001ae   0x00000000   Code   RO         1350    .ARM.Collect$$libinit$$00000023  c_w.l(libinit2.o)
    0x080001ae   0x080001ae   0x00000000   Code   RO         1352    .ARM.Collect$$libinit$$00000025  c_w.l(libinit2.o)
    0x080001ae   0x080001ae   0x00000000   Code   RO         1354    .ARM.Collect$$libinit$$00000027  c_w.l(libinit2.o)
    0x080001ae   0x080001ae   0x00000000   Code   RO         1358    .ARM.Collect$$libinit$$0000002E  c_w.l(libinit2.o)
    0x080001ae   0x080001ae   0x00000000   Code   RO         1360    .ARM.Collect$$libinit$$00000030  c_w.l(libinit2.o)
    0x080001ae   0x080001ae   0x00000000   Code   RO         1362    .ARM.Collect$$libinit$$00000032  c_w.l(libinit2.o)
    0x080001ae   0x080001ae   0x00000000   Code   RO         1364    .ARM.Collect$$libinit$$00000034  c_w.l(libinit2.o)
    0x080001ae   0x080001ae   0x00000002   Code   RO         1365    .ARM.Collect$$libinit$$00000035  c_w.l(libinit2.o)
    0x080001b0   0x080001b0   0x00000002   Code   RO         1387    .ARM.Collect$$libshutdown$$00000000  c_w.l(libshutdown.o)
    0x080001b2   0x080001b2   0x00000000   Code   RO         1402    .ARM.Collect$$libshutdown$$00000002  c_w.l(libshutdown2.o)
    0x080001b2   0x080001b2   0x00000000   Code   RO         1404    .ARM.Collect$$libshutdown$$00000004  c_w.l(libshutdown2.o)
    0x080001b2   0x080001b2   0x00000000   Code   RO         1407    .ARM.Collect$$libshutdown$$00000007  c_w.l(libshutdown2.o)
    0x080001b2   0x080001b2   0x00000000   Code   RO         1410    .ARM.Collect$$libshutdown$$0000000A  c_w.l(libshutdown2.o)
    0x080001b2   0x080001b2   0x00000000   Code   RO         1412    .ARM.Collect$$libshutdown$$0000000C  c_w.l(libshutdown2.o)
    0x080001b2   0x080001b2   0x00000000   Code   RO         1415    .ARM.Collect$$libshutdown$$0000000F  c_w.l(libshutdown2.o)
    0x080001b2   0x080001b2   0x00000002   Code   RO         1416    .ARM.Collect$$libshutdown$$00000010  c_w.l(libshutdown2.o)
    0x080001b4   0x080001b4   0x00000000   Code   RO         1288    .ARM.Collect$$rtentry$$00000000  c_w.l(__rtentry.o)
    0x080001b4   0x080001b4   0x00000000   Code   RO         1290    .ARM.Collect$$rtentry$$00000002  c_w.l(__rtentry2.o)
    0x080001b4   0x080001b4   0x00000006   Code   RO         1302    .ARM.Collect$$rtentry$$00000004  c_w.l(__rtentry4.o)
    0x080001ba   0x080001ba   0x00000000   Code   RO         1292    .ARM.Collect$$rtentry$$00000009  c_w.l(__rtentry2.o)
    0x080001ba   0x080001ba   0x00000004   Code   RO         1293    .ARM.Collect$$rtentry$$0000000A  c_w.l(__rtentry2.o)
    0x080001be   0x080001be   0x00000000   Code   RO         1295    .ARM.Collect$$rtentry$$0000000C  c_w.l(__rtentry2.o)
    0x080001be   0x080001be   0x00000008   Code   RO         1296    .ARM.Collect$$rtentry$$0000000D  c_w.l(__rtentry2.o)
    0x080001c6   0x080001c6   0x00000002   Code   RO         1317    .ARM.Collect$$rtexit$$00000000  c_w.l(rtexit.o)
    0x080001c8   0x080001c8   0x00000000   Code   RO         1367    .ARM.Collect$$rtexit$$00000002  c_w.l(rtexit2.o)
    0x080001c8   0x080001c8   0x00000004   Code   RO         1368    .ARM.Collect$$rtexit$$00000003  c_w.l(rtexit2.o)
    0x080001cc   0x080001cc   0x00000006   Code   RO         1369    .ARM.Collect$$rtexit$$00000004  c_w.l(rtexit2.o)
    0x080001d2   0x080001d2   0x00000002   PAD
    0x080001d4   0x080001d4   0x00000040   Code   RO         1259  * .text               startup_gd32f3x0.o
    0x08000214   0x08000214   0x00000006   Code   RO         1284    .text               c_w.l(heapauxi.o)
    0x0800021a   0x0800021a   0x0000004a   Code   RO         1304    .text               c_w.l(sys_stackheap_outer.o)
    0x08000264   0x08000264   0x00000012   Code   RO         1306    .text               c_w.l(exit.o)
    0x08000276   0x08000276   0x00000002   PAD
    0x08000278   0x08000278   0x00000008   Code   RO         1314    .text               c_w.l(libspace.o)
    0x08000280   0x08000280   0x0000000c   Code   RO         1377    .text               c_w.l(sys_exit.o)
    0x0800028c   0x0800028c   0x00000002   Code   RO         1392    .text               c_w.l(use_no_semi.o)
    0x0800028e   0x0800028e   0x00000000   Code   RO         1394    .text               c_w.l(indicate_semi.o)
    0x0800028e   0x0800028e   0x00000002   PAD
    0x08000290   0x08000290   0x0000026c   Code   RO         1266    .text.SystemInit    system_gd32f3x0.o
    0x080004fc   0x080004fc   0x00000010   Code   RO          414    .text.gpio_bit_reset  gd32f3x0_gpio.o
    0x0800050c   0x0800050c   0x00000010   Code   RO          412    .text.gpio_bit_set  gd32f3x0_gpio.o
    0x0800051c   0x0800051c   0x0000009c   Code   RO          408    .text.gpio_mode_set  gd32f3x0_gpio.o
    0x080005b8   0x080005b8   0x00000106   Code   RO          410    .text.gpio_output_options_set  gd32f3x0_gpio.o
    0x080006be   0x080006be   0x00000002   PAD
    0x080006c0   0x080006c0   0x0000008e   Code   RO            2    .text.main          main.o
    0x0800074e   0x0800074e   0x00000002   PAD
    0x08000750   0x08000750   0x00000028   Code   RO          518    .text.nvic_vector_table_set  gd32f3x0_misc.o
    0x08000778   0x08000778   0x00000028   Code   RO          583    .text.rcu_periph_clock_enable  gd32f3x0_rcu.o
    0x080007a0   0x080007a0   0x0000011a   Code   RO         1272    .text.system_clock_84m_hxtal  system_gd32f3x0.o
    0x080008ba   0x080008ba   0x00000002   PAD
    0x080008bc   0x080008bc   0x00000008   Code   RO         1268    .text.system_clock_config  system_gd32f3x0.o
    0x080008c4   0x080008c4   0x0000001a   Code   RO         1375    x$fpl$fpinit        fz_wm.l(fpinit.o)
    0x080008de   0x080008de   0x00000002   PAD
    0x080008e0   0x080008e0   0x00000010   Data   RO         1450    Region$$Table       anon$$obj.o


    Execution Region ER_RW (Exec base: 0x20000000, Load base: 0x080008f0, Size: 0x00000000, Max: 0xffffffff, ABSOLUTE)

    **** No section assigned to this execution region ****


    Execution Region ER_ZI (Exec base: 0x20000000, Load base: 0x080008f0, Size: 0x00000860, Max: 0xffffffff, ABSOLUTE)

    Exec Addr    Load Addr    Size         Type   Attr      Idx    E Section Name        Object

    0x20000000        -       0x00000060   Zero   RW         1315    .bss                c_w.l(libspace.o)
    0x20000060        -       0x00000400   Zero   RW         1257    HEAP                startup_gd32f3x0.o
    0x20000460        -       0x00000400   Zero   RW         1256    STACK               startup_gd32f3x0.o


==============================================================================

Image component sizes


      Code (inc. data)   RO Data    RW Data    ZI Data      Debug   Object Name

       450          0          0          0          0       4301   gd32f3x0_gpio.o
        40          0          0          0          0       2943   gd32f3x0_misc.o
        40          0          0          0          0      12129   gd32f3x0_rcu.o
       142          0          0          0          0       1244   main.o
        64         26        336          0       2048        904   startup_gd32f3x0.o
       910          0          0          0          0       2896   system_gd32f3x0.o

    ----------------------------------------------------------------------
      1652         26        352          0       2048      24417   Object Totals
         0          0         16          0          0          0   (incl. Generated)
         6          0          0          0          0          0   (incl. Padding)

    ----------------------------------------------------------------------

      Code (inc. data)   RO Data    RW Data    ZI Data      Debug   Library Member Name

         8          0          0          0          0         68   __main.o
         0          0          0          0          0          0   __rtentry.o
        12          0          0          0          0          0   __rtentry2.o
         6          0          0          0          0          0   __rtentry4.o
        52          8          0          0          0          0   __scatter.o
        28          0          0          0          0          0   __scatter_zi.o
        18          0          0          0          0         80   exit.o
         6          0          0          0          0        152   heapauxi.o
         0          0          0          0          0          0   indicate_semi.o
         2          0          0          0          0          0   libinit.o
         6          0          0          0          0          0   libinit2.o
         2          0          0          0          0          0   libshutdown.o
         2          0          0          0          0          0   libshutdown2.o
         8          4          0          0         96         68   libspace.o
         2          0          0          0          0          0   rtexit.o
        10          0          0          0          0          0   rtexit2.o
        12          4          0          0          0         68   sys_exit.o
        74          0          0          0          0         80   sys_stackheap_outer.o
         2          0          0          0          0         68   use_no_semi.o
        26          0          0          0          0        116   fpinit.o

    ----------------------------------------------------------------------
       284         16          0          0         96        700   Library Totals
         8          0          0          0          0          0   (incl. Padding)

    ----------------------------------------------------------------------

      Code (inc. data)   RO Data    RW Data    ZI Data      Debug   Library Name

       250         16          0          0         96        584   c_w.l
        26          0          0          0          0        116   fz_wm.l

    ----------------------------------------------------------------------
       284         16          0          0         96        700   Library Totals

    ----------------------------------------------------------------------

==============================================================================


      Code (inc. data)   RO Data    RW Data    ZI Data      Debug   

      1936         42        352          0       2144      24813   Grand Totals
      1936         42        352          0       2144      24813   ELF Image Totals
      1936         42        352          0          0          0   ROM Totals

==============================================================================

    Total RO  Size (Code + RO Data)                 2288 (   2.23kB)
    Total RW  Size (RW Data + ZI Data)              2144 (   2.09kB)
    Total ROM Size (Code + RO Data + RW Data)       2288 (   2.23kB)

==============================================================================

